Archive member included to satisfy reference by file (symbol)

C:/ST/STM32CubeIDE_1.19.0/STM32CubeIDE/plugins/com.st.stm32cube.ide.mcu.externaltools.gnu-tools-for-stm32.13.3.rel1.win32_1.0.0.202411081344/tools/bin/../lib/gcc/arm-none-eabi/13.3.1/../../../../arm-none-eabi/lib/thumb/v7e-m+fp/hard\libc_nano.a(libc_a-exit.o)
                              C:/ST/STM32CubeIDE_1.19.0/STM32CubeIDE/plugins/com.st.stm32cube.ide.mcu.externaltools.gnu-tools-for-stm32.13.3.rel1.win32_1.0.0.202411081344/tools/bin/../lib/gcc/arm-none-eabi/13.3.1/../../../../arm-none-eabi/lib/thumb/v7e-m+fp/hard/crt0.o (exit)
C:/ST/STM32CubeIDE_1.19.0/STM32CubeIDE/plugins/com.st.stm32cube.ide.mcu.externaltools.gnu-tools-for-stm32.13.3.rel1.win32_1.0.0.202411081344/tools/bin/../lib/gcc/arm-none-eabi/13.3.1/../../../../arm-none-eabi/lib/thumb/v7e-m+fp/hard\libc_nano.a(libc_a-findfp.o)
                              C:/ST/STM32CubeIDE_1.19.0/STM32CubeIDE/plugins/com.st.stm32cube.ide.mcu.externaltools.gnu-tools-for-stm32.13.3.rel1.win32_1.0.0.202411081344/tools/bin/../lib/gcc/arm-none-eabi/13.3.1/../../../../arm-none-eabi/lib/thumb/v7e-m+fp/hard\libc_nano.a(libc_a-exit.o) (__stdio_exit_handler)
C:/ST/STM32CubeIDE_1.19.0/STM32CubeIDE/plugins/com.st.stm32cube.ide.mcu.externaltools.gnu-tools-for-stm32.13.3.rel1.win32_1.0.0.202411081344/tools/bin/../lib/gcc/arm-none-eabi/13.3.1/../../../../arm-none-eabi/lib/thumb/v7e-m+fp/hard\libc_nano.a(libc_a-fwalk.o)
                              C:/ST/STM32CubeIDE_1.19.0/STM32CubeIDE/plugins/com.st.stm32cube.ide.mcu.externaltools.gnu-tools-for-stm32.13.3.rel1.win32_1.0.0.202411081344/tools/bin/../lib/gcc/arm-none-eabi/13.3.1/../../../../arm-none-eabi/lib/thumb/v7e-m+fp/hard\libc_nano.a(libc_a-findfp.o) (_fwalk_sglue)
C:/ST/STM32CubeIDE_1.19.0/STM32CubeIDE/plugins/com.st.stm32cube.ide.mcu.externaltools.gnu-tools-for-stm32.13.3.rel1.win32_1.0.0.202411081344/tools/bin/../lib/gcc/arm-none-eabi/13.3.1/../../../../arm-none-eabi/lib/thumb/v7e-m+fp/hard\libc_nano.a(libc_a-sprintf.o)
                              ./Core/Src/main.o (sprintf)
C:/ST/STM32CubeIDE_1.19.0/STM32CubeIDE/plugins/com.st.stm32cube.ide.mcu.externaltools.gnu-tools-for-stm32.13.3.rel1.win32_1.0.0.202411081344/tools/bin/../lib/gcc/arm-none-eabi/13.3.1/../../../../arm-none-eabi/lib/thumb/v7e-m+fp/hard\libc_nano.a(libc_a-stdio.o)
                              C:/ST/STM32CubeIDE_1.19.0/STM32CubeIDE/plugins/com.st.stm32cube.ide.mcu.externaltools.gnu-tools-for-stm32.13.3.rel1.win32_1.0.0.202411081344/tools/bin/../lib/gcc/arm-none-eabi/13.3.1/../../../../arm-none-eabi/lib/thumb/v7e-m+fp/hard\libc_nano.a(libc_a-findfp.o) (__sread)
C:/ST/STM32CubeIDE_1.19.0/STM32CubeIDE/plugins/com.st.stm32cube.ide.mcu.externaltools.gnu-tools-for-stm32.13.3.rel1.win32_1.0.0.202411081344/tools/bin/../lib/gcc/arm-none-eabi/13.3.1/../../../../arm-none-eabi/lib/thumb/v7e-m+fp/hard\libc_nano.a(libc_a-memset.o)
                              C:/ST/STM32CubeIDE_1.19.0/STM32CubeIDE/plugins/com.st.stm32cube.ide.mcu.externaltools.gnu-tools-for-stm32.13.3.rel1.win32_1.0.0.202411081344/tools/bin/../lib/gcc/arm-none-eabi/13.3.1/../../../../arm-none-eabi/lib/thumb/v7e-m+fp/hard/crt0.o (memset)
C:/ST/STM32CubeIDE_1.19.0/STM32CubeIDE/plugins/com.st.stm32cube.ide.mcu.externaltools.gnu-tools-for-stm32.13.3.rel1.win32_1.0.0.202411081344/tools/bin/../lib/gcc/arm-none-eabi/13.3.1/../../../../arm-none-eabi/lib/thumb/v7e-m+fp/hard\libc_nano.a(libc_a-closer.o)
                              C:/ST/STM32CubeIDE_1.19.0/STM32CubeIDE/plugins/com.st.stm32cube.ide.mcu.externaltools.gnu-tools-for-stm32.13.3.rel1.win32_1.0.0.202411081344/tools/bin/../lib/gcc/arm-none-eabi/13.3.1/../../../../arm-none-eabi/lib/thumb/v7e-m+fp/hard\libc_nano.a(libc_a-stdio.o) (_close_r)
C:/ST/STM32CubeIDE_1.19.0/STM32CubeIDE/plugins/com.st.stm32cube.ide.mcu.externaltools.gnu-tools-for-stm32.13.3.rel1.win32_1.0.0.202411081344/tools/bin/../lib/gcc/arm-none-eabi/13.3.1/../../../../arm-none-eabi/lib/thumb/v7e-m+fp/hard\libc_nano.a(libc_a-reent.o)
                              C:/ST/STM32CubeIDE_1.19.0/STM32CubeIDE/plugins/com.st.stm32cube.ide.mcu.externaltools.gnu-tools-for-stm32.13.3.rel1.win32_1.0.0.202411081344/tools/bin/../lib/gcc/arm-none-eabi/13.3.1/../../../../arm-none-eabi/lib/thumb/v7e-m+fp/hard\libc_nano.a(libc_a-closer.o) (errno)
C:/ST/STM32CubeIDE_1.19.0/STM32CubeIDE/plugins/com.st.stm32cube.ide.mcu.externaltools.gnu-tools-for-stm32.13.3.rel1.win32_1.0.0.202411081344/tools/bin/../lib/gcc/arm-none-eabi/13.3.1/../../../../arm-none-eabi/lib/thumb/v7e-m+fp/hard\libc_nano.a(libc_a-impure.o)
                              C:/ST/STM32CubeIDE_1.19.0/STM32CubeIDE/plugins/com.st.stm32cube.ide.mcu.externaltools.gnu-tools-for-stm32.13.3.rel1.win32_1.0.0.202411081344/tools/bin/../lib/gcc/arm-none-eabi/13.3.1/../../../../arm-none-eabi/lib/thumb/v7e-m+fp/hard\libc_nano.a(libc_a-sprintf.o) (_impure_ptr)
[...]
Memory Configuration

Name             Origin             Length             Attributes
RAM              0x20000000         0x00018000         xrw
RAM2             0x10000000         0x00008000         xrw
FLASH            0x08000000         0x00100000         xr
*default*        0x00000000         0xffffffff

Linker script and memory map

LOAD C:/ST/STM32CubeIDE_1.19.0/STM32CubeIDE/plugins/com.st.stm32cube.ide.mcu.externaltools.gnu-tools-for-stm32.13.3.rel1.win32_1.0.0.202411081344/tools/bin/../lib/gcc/arm-none-eabi/13.3.1/thumb/v7e-m+fp/hard/crti.o
LOAD C:/ST/STM32CubeIDE_1.19.0/STM32CubeIDE/plugins/com.st.stm32cube.ide.mcu.externaltools.gnu-tools-for-stm32.13.3.rel1.win32_1.0.0.202411081344/tools/bin/../lib/gcc/arm-none-eabi/13.3.1/thumb/v7e-m+fp/hard/crtbegin.o
LOAD C:/ST/STM32CubeIDE_1.19.0/STM32CubeIDE/plugins/com.st.stm32cube.ide.mcu.externaltools.gnu-tools-for-stm32.13.3.rel1.win32_1.0.0.202411081344/tools/bin/../lib/gcc/arm-none-eabi/13.3.1/../../../../arm-none-eabi/lib/thumb/v7e-m+fp/hard/crt0.o
LOAD ./Core/Src/freertos.o
LOAD ./Core/Src/main.o
LOAD ./Core/Src/stm32l4xx_hal_msp.o
LOAD ./Core/Src/stm32l4xx_it.o
LOAD ./Core/Src/syscalls.o
LOAD ./Core/Src/sysmem.o
LOAD ./Core/Src/system_stm32l4xx.o
LOAD ./Core/Startup/startup_stm32l476rgtx.o
LOAD ./Drivers/STM32L4xx_HAL_Driver/Src/stm32l4xx_hal.o
LOAD ./Drivers/STM32L4xx_HAL_Driver/Src/stm32l4xx_hal_cortex.o
LOAD ./Drivers/STM32L4xx_HAL_Driver/Src/stm32l4xx_hal_dma.o
LOAD ./Drivers/STM32L4xx_HAL_Driver/Src/stm32l4xx_hal_dma_ex.o
LOAD ./Drivers/STM32L4xx_HAL_Driver/Src/stm32l4xx_hal_exti.o
LOAD ./Drivers/STM32L4xx_HAL_Driver/Src/stm32l4xx_hal_flash.o
LOAD ./Drivers/STM32L4xx_HAL_Driver/Src/stm32l4xx_hal_flash_ex.o
LOAD ./Drivers/STM32L4xx_HAL_Driver/Src/stm32l4xx_hal_flash_ramfunc.o
LOAD ./Drivers/STM32L4xx_HAL_Driver/Src/stm32l4xx_hal_gpio.o
LOAD ./Drivers/STM32L4xx_HAL_Driver/Src/stm32l4xx_hal_i2c.o
LOAD ./Drivers/STM32L4xx_HAL_Driver/Src/stm32l4xx_hal_i2c_ex.o
LOAD ./Drivers/STM32L4xx_HAL_Driver/Src/stm32l4xx_hal_pwr.o
LOAD ./Drivers/STM32L4xx_HAL_Driver/Src/stm32l4xx_hal_pwr_ex.o
LOAD ./Drivers/STM32L4xx_HAL_Driver/Src/stm32l4xx_hal_rcc.o
LOAD ./Drivers/STM32L4xx_HAL_Driver/Src/stm32l4xx_hal_rcc_ex.o
LOAD ./Drivers/STM32L4xx_HAL_Driver/Src/stm32l4xx_hal_rtc.o
LOAD ./Drivers/STM32L4xx_HAL_Driver/Src/stm32l4xx_hal_rtc_ex.o
LOAD ./Drivers/STM32L4xx_HAL_Driver/Src/stm32l4xx_hal_uart.o
LOAD ./Drivers/STM32L4xx_HAL_Driver/Src/stm32l4xx_hal_uart_ex.o
LOAD ./Middlewares/Third_Party/FreeRTOS/Source/CMSIS_RTOS/cmsis_os.o
LOAD ./Middlewares/Third_Party/FreeRTOS/Source/croutine.o
LOAD ./Middlewares/Third_Party/FreeRTOS/Source/event_groups.o
LOAD ./Middlewares/Third_Party/FreeRTOS/Source/list.o
LOAD ./Middlewares/Third_Party/FreeRTOS/Source/queue.o
LOAD ./Middlewares/Third_Party/FreeRTOS/Source/stream_buffer.o
LOAD ./Middlewares/Third_Party/FreeRTOS/Source/tasks.o
LOAD ./Middlewares/Third_Party/FreeRTOS/Source/timers.o
LOAD ./Middlewares/Third_Party/FreeRTOS/Source/portable/GCC/ARM_CM4F/port.o
LOAD ./Middlewares/Third_Party/FreeRTOS/Source/portable/MemMang/heap_4.o
START GROUP
LOAD C:/ST/STM32CubeIDE_1.19.0/STM32CubeIDE/plugins/com.st.stm32cube.ide.mcu.externaltools.gnu-tools-for-stm32.13.3.rel1.win32_1.0.0.202411081344/tools/bin/../lib/gcc/arm-none-eabi/13.3.1/../../../../arm-none-eabi/lib/thumb/v7e-m+fp/hard\libc_nano.a
LOAD C:/ST/STM32CubeIDE_1.19.0/STM32CubeIDE/plugins/com.st.stm32cube.ide.mcu.externaltools.gnu-tools-for-stm32.13.3.rel1.win32_1.0.0.202411081344/tools/bin/../lib/gcc/arm-none-eabi/13.3.1/../../../../arm-none-eabi/lib/thumb/v7e-m+fp/hard\libm.a
END GROUP
START GROUP
LOAD C:/ST/STM32CubeIDE_1.19.0/STM32CubeIDE/plugins/com.st.stm32cube.ide.mcu.externaltools.gnu-tools-for-stm32.13.3.rel1.win32_1.0.0.202411081344/tools/bin/../lib/gcc/arm-none-eabi/13.3.1/thumb/v7e-m+fp/hard\libgcc.a
LOAD C:/ST/STM32CubeIDE_1.19.0/STM32CubeIDE/plugins/com.st.stm32cube.ide.mcu.externaltools.gnu-tools-for-stm32.13.3.rel1.win32_1.0.0.202411081344/tools/bin/../lib/gcc/arm-none-eabi/13.3.1/../../../../arm-none-eabi/lib/thumb/v7e-m+fp/hard\libc_nano.a
END GROUP
START GROUP
LOAD C:/ST/STM32CubeIDE_1.19.0/STM32CubeIDE/plugins/com.st.stm32cube.ide.mcu.externaltools.gnu-tools-for-stm32.13.3.rel1.win32_1.0.0.202411081344/tools/bin/../lib/gcc/arm-none-eabi/13.3.1/thumb/v7e-m+fp/hard\libgcc.a
LOAD C:/ST/STM32CubeIDE_1.19.0/STM32CubeIDE/plugins/com.st.stm32cube.ide.mcu.externaltools.gnu-tools-for-stm32.13.3.rel1.win32_1.0.0.202411081344/tools/bin/../lib/gcc/arm-none-eabi/13.3.1/../../../../arm-none-eabi/lib/thumb/v7e-m+fp/hard\libc_nano.a
LOAD C:/ST/STM32CubeIDE_1.19.0/STM32CubeIDE/plugins/com.st.stm32cube.ide.mcu.externaltools.gnu-tools-for-stm32.13.3.rel1.win32_1.0.0.202411081344/tools/bin/../lib/gcc/arm-none-eabi/13.3.1/../../../../arm-none-eabi/lib/thumb/v7e-m+fp/hard\libnosys.a
END GROUP
START GROUP
LOAD C:/ST/STM32CubeIDE_1.19.0/STM32CubeIDE/plugins/com.st.stm32cube.ide.mcu.externaltools.gnu-tools-for-stm32.13.3.rel1.win32_1.0.0.202411081344/tools/bin/../lib/gcc/arm-none-eabi/13.3.1/thumb/v7e-m+fp/hard\libgcc.a
LOAD C:/ST/STM32CubeIDE_1.19.0/STM32CubeIDE/plugins/com.st.stm32cube.ide.mcu.externaltools.gnu-tools-for-stm32.13.3.rel1.win32_1.0.0.202411081344/tools/bin/../lib/gcc/arm-none-eabi/13.3.1/../../../../arm-none-eabi/lib/thumb/v7e-m+fp/hard\libc_nano.a
LOAD C:/ST/STM32CubeIDE_1.19.0/STM32CubeIDE/plugins/com.st.stm32cube.ide.mcu.externaltools.gnu-tools-for-stm32.13.3.rel1.win32_1.0.0.202411081344/tools/bin/../lib/gcc/arm-none-eabi/13.3.1/../../../../arm-none-eabi/lib/thumb/v7e-m+fp/hard\libnosys.a
END GROUP
LOAD C:/ST/STM32CubeIDE_1.19.0/STM32CubeIDE/plugins/com.st.stm32cube.ide.mcu.externaltools.gnu-tools-for-stm32.13.3.rel1.win32_1.0.0.202411081344/tools/bin/../lib/gcc/arm-none-eabi/13.3.1/thumb/v7e-m+fp/hard/crtend.o
LOAD C:/ST/STM32CubeIDE_1.19.0/STM32CubeIDE/plugins/com.st.stm32cube.ide.mcu.externaltools.gnu-tools-for-stm32.13.3.rel1.win32_1.0.0.202411081344/tools/bin/../lib/gcc/arm-none-eabi/13.3.1/thumb/v7e-m+fp/hard/crtn.o
                0x20018000                        _estack = (ORIGIN (RAM) + LENGTH (RAM))
                0x00000200                        _Min_Heap_Size = 0x200
                0x00000400                        _Min_Stack_Size = 0x400

.isr_vector     0x08000000      0x188
                0x08000000                        . = ALIGN (0x4)
 *(.isr_vector)
 .isr_vector    0x08000000      0x188 ./Core/Startup/startup_stm32l476rgtx.o
                0x08000000                g_pfnVectors
                0x08000188                        . = ALIGN (0x4)

.text           0x08000190     0x76f0
                0x08000190                        . = ALIGN (0x4)
 *(.text)
 .text          0x08000190       0x40 C:/ST/STM32CubeIDE_1.19.0/STM32CubeIDE/plugins/com.st.stm32cube.ide.mcu.externaltools.gnu-tools-for-stm32.13.3.rel1.win32_1.0.0.202411081344/tools/bin/../lib/gcc/arm-none-eabi/13.3.1/thumb/v7e-m+fp/hard/crtbegin.o
 .text          0x080001d0       0x10 C:/ST/STM32CubeIDE_1.19.0/STM32CubeIDE/plugins/com.st.stm32cube.ide.mcu.externaltools.gnu-tools-for-stm32.13.3.rel1.win32_1.0.0.202411081344/tools/bin/../lib/gcc/arm-none-eabi/13.3.1/../../../../arm-none-eabi/lib/thumb/v7e-m+fp/hard\libc_nano.a(libc_a-strlen.o)
                0x080001d0                strlen
 .text          0x080001e0       0xa0 C:/ST/STM32CubeIDE_1.19.0/STM32CubeIDE/plugins/com.st.stm32cube.ide.mcu.externaltools.gnu-tools-for-stm32.13.3.rel1.win32_1.0.0.202411081344/tools/bin/../lib/gcc/arm-none-eabi/13.3.1/../../../../arm-none-eabi/lib/thumb/v7e-m+fp/hard\libc_nano.a(libc_a-memchr.o)
                0x080001e0                memchr
 .text          0x08000280       0x30 C:/ST/STM32CubeIDE_1.19.0/STM32CubeIDE/plugins/com.st.stm32cube.ide.mcu.externaltools.gnu-tools-for-stm32.13.3.rel1.win32_1.0.0.202411081344/tools/bin/../lib/gcc/arm-none-eabi/13.3.1/thumb/v7e-m+fp/hard\libgcc.a(_aeabi_uldivmod.o)
                0x08000280                __aeabi_uldivmod
 .text          0x080002b0      0x2f8 C:/ST/STM32CubeIDE_1.19.0/STM32CubeIDE/plugins/com.st.stm32cube.ide.mcu.externaltools.gnu-tools-for-stm32.13.3.rel1.win32_1.0.0.202411081344/tools/bin/../lib/gcc/arm-none-eabi/13.3.1/thumb/v7e-m+fp/hard\libgcc.a(_udivmoddi4.o)
                0x080002b0                __udivmoddi4
 .text          0x080005a8        0x4 C:/ST/STM32CubeIDE_1.19.0/STM32CubeIDE/plugins/com.st.stm32cube.ide.mcu.externaltools.gnu-tools-for-stm32.13.3.rel1.win32_1.0.0.202411081344/tools/bin/../lib/gcc/arm-none-eabi/13.3.1/thumb/v7e-m+fp/hard\libgcc.a(_dvmd_tls.o)
                0x080005a8                __aeabi_idiv0
                0x080005a8                __aeabi_ldiv0
 *(.text*)
 .text.vApplicationGetIdleTaskMemory
                0x080005ac       0x34 ./Core/Src/freertos.o
                0x080005ac                vApplicationGetIdleTaskMemory
 .text.HAL_UART_RxCpltCallback
                0x080005e0       0xac ./Core/Src/main.o
                0x080005e0                HAL_UART_RxCpltCallback
 .text.uart_send
                0x0800068c       0x2c ./Core/Src/main.o
                0x0800068c                uart_send
 .text.task1_menu
                0x080006b8       0x38 ./Core/Src/main.o
                0x080006b8                task1_menu
 .text.task2_command
                0x080006f0       0x5c ./Core/Src/main.o
                0x080006f0                task2_command
 .text.task3_command_process
                0x0800074c       0x84 ./Core/Src/main.o
                0x0800074c                task3_command_process
 .text.task4_uart_transmit
                0x080007d0       0x30 ./Core/Src/main.o
                0x080007d0                task4_uart_transmit
 .text.getCommandCode
                0x08000800       0x1c ./Core/Src/main.o
                0x08000800                getCommandCode
 .text.make_led_on
                0x0800081c       0x14 ./Core/Src/main.o
                0x0800081c                make_led_on
 .text.make_led_off
                0x08000830       0x14 ./Core/Src/main.o
                0x08000830                make_led_off
 .text.led_toggle
                0x08000844       0x12 ./Core/Src/main.o
                0x08000844                led_toggle
 *fill*         0x08000856        0x2 
 .text.read_led_status
                0x08000858       0x40 ./Core/Src/main.o
                0x08000858                read_led_status
 .text.read_rtc_info
                0x08000898       0xd0 ./Core/Src/main.o
                0x08000898                read_rtc_info
 .text.print_error_message
                0x08000968       0x34 ./Core/Src/main.o
                0x08000968                print_error_message
 .text.main     0x0800099c       0xf8 ./Core/Src/main.o
                0x0800099c                main
 .text.SystemClock_Config
                0x08000a94       0xa6 ./Core/Src/main.o
                0x08000a94                SystemClock_Config
 *fill*         0x08000b3a        0x2 
 .text.MX_RTC_Init
                0x08000b3c       0xb8 ./Core/Src/main.o
 .text.MX_USART2_UART_Init
                0x08000bf4       0x60 ./Core/Src/main.o
 .text.MX_GPIO_Init
                0x08000c54       0xcc ./Core/Src/main.o
 .text.Error_Handler
                0x08000d20        0xc ./Core/Src/main.o
                0x08000d20                Error_Handler
 .text.HAL_MspInit
                0x08000d2c       0x50 ./Core/Src/stm32l4xx_hal_msp.o
                0x08000d2c                HAL_MspInit
 .text.HAL_RTC_MspInit
                0x08000d7c       0x64 ./Core/Src/stm32l4xx_hal_msp.o
                0x08000d7c                HAL_RTC_MspInit
 .text.HAL_UART_MspInit
                0x08000de0       0xc8 ./Core/Src/stm32l4xx_hal_msp.o
                0x08000de0                HAL_UART_MspInit
 .text.NMI_Handler
                0x08000ea8        0x8 ./Core/Src/stm32l4xx_it.o
                0x08000ea8                NMI_Handler
 .text.HardFault_Handler
                0x08000eb0        0x8 ./Core/Src/stm32l4xx_it.o
                0x08000eb0                HardFault_Handler
 .text.MemManage_Handler
                0x08000eb8        0x8 ./Core/Src/stm32l4xx_it.o
                0x08000eb8                MemManage_Handler
 .text.BusFault_Handler
                0x08000ec0        0x8 ./Core/Src/stm32l4xx_it.o
                0x08000ec0                BusFault_Handler
 .text.UsageFault_Handler
                0x08000ec8        0x8 ./Core/Src/stm32l4xx_it.o
                0x08000ec8                UsageFault_Handler
 .text.DebugMon_Handler
                0x08000ed0        0xe ./Core/Src/stm32l4xx_it.o
                0x08000ed0                DebugMon_Handler
 .text.SysTick_Handler
                0x08000ede       0x1a ./Core/Src/stm32l4xx_it.o
                0x08000ede                SysTick_Handler
 .text.USART2_IRQHandler
                0x08000ef8       0x14 ./Core/Src/stm32l4xx_it.o
                0x08000ef8                USART2_IRQHandler
 .text._sbrk    0x08000f0c       0x6c ./Core/Src/sysmem.o
                0x08000f0c                _sbrk
 .text.SystemInit
                0x08000f78       0x24 ./Core/Src/system_stm32l4xx.o
                0x08000f78                SystemInit
 .text.Reset_Handler
                0x08000f9c       0x50 ./Core/Startup/startup_stm32l476rgtx.o
                0x08000f9c                Reset_Handler
 .text.Default_Handler
                0x08000fec        0x2 ./Core/Startup/startup_stm32l476rgtx.o
                0x08000fec                RTC_Alarm_IRQHandler
                0x08000fec                EXTI2_IRQHandler
                0x08000fec                TIM8_TRG_COM_IRQHandler
                0x08000fec                TIM8_CC_IRQHandler
                0x08000fec                TIM1_CC_IRQHandler
                0x08000fec                TSC_IRQHandler
                0x08000fec                TAMP_STAMP_IRQHandler
                0x08000fec                EXTI3_IRQHandler
                0x08000fec                LPTIM2_IRQHandler
                0x08000fec                DFSDM1_FLT1_IRQHandler
                0x08000fec                I2C3_ER_IRQHandler
                0x08000fec                DFSDM1_FLT2_IRQHandler
                0x08000fec                EXTI0_IRQHandler
                0x08000fec                I2C2_EV_IRQHandler
                0x08000fec                CAN1_RX0_IRQHandler
                0x08000fec                FPU_IRQHandler
                0x08000fec                TIM1_UP_TIM16_IRQHandler
                0x08000fec                ADC1_2_IRQHandler
                0x08000fec                SPI1_IRQHandler
                0x08000fec                TIM6_DAC_IRQHandler
                0x08000fec                TIM8_UP_IRQHandler
                0x08000fec                DMA2_Channel2_IRQHandler
                0x08000fec                DMA1_Channel4_IRQHandler
                0x08000fec                SAI2_IRQHandler
                0x08000fec                DFSDM1_FLT3_IRQHandler
                0x08000fec                USART3_IRQHandler
                0x08000fec                DMA1_Channel7_IRQHandler
                0x08000fec                CAN1_RX1_IRQHandler
                0x08000fec                LCD_IRQHandler
                0x08000fec                UART5_IRQHandler
                0x08000fec                ADC3_IRQHandler
                0x08000fec                TIM4_IRQHandler
                0x08000fec                DMA2_Channel1_IRQHandler
                0x08000fec                QUADSPI_IRQHandler
                0x08000fec                I2C1_EV_IRQHandler
                0x08000fec                DMA1_Channel6_IRQHandler
                0x08000fec                UART4_IRQHandler
                0x08000fec                DMA2_Channel4_IRQHandler
                0x08000fec                TIM3_IRQHandler
                0x08000fec                RCC_IRQHandler
                0x08000fec                DMA1_Channel1_IRQHandler
                0x08000fec                Default_Handler
                0x08000fec                DMA2_Channel7_IRQHandler
                0x08000fec                EXTI15_10_IRQHandler
                0x08000fec                TIM7_IRQHandler
                0x08000fec                SDMMC1_IRQHandler
                0x08000fec                TIM5_IRQHandler
                0x08000fec                I2C3_EV_IRQHandler
                0x08000fec                EXTI9_5_IRQHandler
                0x08000fec                RTC_WKUP_IRQHandler
                0x08000fec                PVD_PVM_IRQHandler
                0x08000fec                SPI2_IRQHandler
                0x08000fec                CAN1_TX_IRQHandler
                0x08000fec                DMA2_Channel5_IRQHandler
                0x08000fec                DMA1_Channel5_IRQHandler
                0x08000fec                EXTI4_IRQHandler
                0x08000fec                RNG_IRQHandler
                0x08000fec                TIM1_TRG_COM_TIM17_IRQHandler
                0x08000fec                DMA1_Channel3_IRQHandler
                0x08000fec                COMP_IRQHandler
                0x08000fec                WWDG_IRQHandler
                0x08000fec                LPUART1_IRQHandler
                0x08000fec                DMA2_Channel6_IRQHandler
                0x08000fec                TIM2_IRQHandler
                0x08000fec                EXTI1_IRQHandler
                0x08000fec                DFSDM1_FLT0_IRQHandler
                0x08000fec                I2C2_ER_IRQHandler
                0x08000fec                DMA1_Channel2_IRQHandler
                0x08000fec                TIM8_BRK_IRQHandler
                0x08000fec                CAN1_SCE_IRQHandler
                0x08000fec                FLASH_IRQHandler
                0x08000fec                USART1_IRQHandler
                0x08000fec                OTG_FS_IRQHandler
                0x08000fec                SPI3_IRQHandler
                0x08000fec                I2C1_ER_IRQHandler
                0x08000fec                FMC_IRQHandler
                0x08000fec                SWPMI1_IRQHandler
                0x08000fec                LPTIM1_IRQHandler
                0x08000fec                SAI1_IRQHandler
                0x08000fec                DMA2_Channel3_IRQHandler
                0x08000fec                TIM1_BRK_TIM15_IRQHandler
 *fill*         0x08000fee        0x2 
 .text.HAL_Init
                0x08000ff0       0x40 ./Drivers/STM32L4xx_HAL_Driver/Src/stm32l4xx_hal.o
                0x08000ff0                HAL_Init
 .text.HAL_InitTick
                0x08001030       0x78 ./Drivers/STM32L4xx_HAL_Driver/Src/stm32l4xx_hal.o
                0x08001030                HAL_InitTick
 .text.HAL_IncTick
                0x080010a8       0x28 ./Drivers/STM32L4xx_HAL_Driver/Src/stm32l4xx_hal.o
                0x080010a8                HAL_IncTick
 .text.HAL_GetTick
                0x080010d0       0x18 ./Drivers/STM32L4xx_HAL_Driver/Src/stm32l4xx_hal.o
                0x080010d0                HAL_GetTick
 .text.__NVIC_SetPriorityGrouping
                0x080010e8       0x48 ./Drivers/STM32L4xx_HAL_Driver/Src/stm32l4xx_hal_cortex.o
 .text.__NVIC_GetPriorityGrouping
                0x08001130       0x1c ./Drivers/STM32L4xx_HAL_Driver/Src/stm32l4xx_hal_cortex.o
 .text.__NVIC_EnableIRQ
                0x0800114c       0x3c ./Drivers/STM32L4xx_HAL_Driver/Src/stm32l4xx_hal_cortex.o
 .text.__NVIC_SetPriority
                0x08001188       0x54 ./Drivers/STM32L4xx_HAL_Driver/Src/stm32l4xx_hal_cortex.o
 .text.NVIC_EncodePriority
                0x080011dc       0x66 ./Drivers/STM32L4xx_HAL_Driver/Src/stm32l4xx_hal_cortex.o
 *fill*         0x08001242        0x2 
 .text.SysTick_Config
                0x08001244       0x44 ./Drivers/STM32L4xx_HAL_Driver/Src/stm32l4xx_hal_cortex.o
 .text.HAL_NVIC_SetPriorityGrouping
                0x08001288       0x16 ./Drivers/STM32L4xx_HAL_Driver/Src/stm32l4xx_hal_cortex.o
                0x08001288                HAL_NVIC_SetPriorityGrouping
 .text.HAL_NVIC_SetPriority
                0x0800129e       0x38 ./Drivers/STM32L4xx_HAL_Driver/Src/stm32l4xx_hal_cortex.o
                0x0800129e                HAL_NVIC_SetPriority
 .text.HAL_NVIC_EnableIRQ
                0x080012d6       0x1c ./Drivers/STM32L4xx_HAL_Driver/Src/stm32l4xx_hal_cortex.o
                0x080012d6                HAL_NVIC_EnableIRQ
 .text.HAL_SYSTICK_Config
                0x080012f2       0x18 ./Drivers/STM32L4xx_HAL_Driver/Src/stm32l4xx_hal_cortex.o
                0x080012f2                HAL_SYSTICK_Config
 .text.HAL_DMA_Abort
                0x0800130a       0x7c ./Drivers/STM32L4xx_HAL_Driver/Src/stm32l4xx_hal_dma.o
                0x0800130a                HAL_DMA_Abort
 .text.HAL_DMA_Abort_IT
                0x08001386       0x82 ./Drivers/STM32L4xx_HAL_Driver/Src/stm32l4xx_hal_dma.o
                0x08001386                HAL_DMA_Abort_IT
 .text.HAL_GPIO_Init
                0x08001408      0x354 ./Drivers/STM32L4xx_HAL_Driver/Src/stm32l4xx_hal_gpio.o
                0x08001408                HAL_GPIO_Init
 .text.HAL_GPIO_ReadPin
                0x0800175c       0x30 ./Drivers/STM32L4xx_HAL_Driver/Src/stm32l4xx_hal_gpio.o
                0x0800175c                HAL_GPIO_ReadPin
 .text.HAL_GPIO_WritePin
                0x0800178c       0x30 ./Drivers/STM32L4xx_HAL_Driver/Src/stm32l4xx_hal_gpio.o
                0x0800178c                HAL_GPIO_WritePin
 .text.HAL_GPIO_TogglePin
                0x080017bc       0x34 ./Drivers/STM32L4xx_HAL_Driver/Src/stm32l4xx_hal_gpio.o
                0x080017bc                HAL_GPIO_TogglePin
 .text.HAL_PWREx_GetVoltageRange
                0x080017f0       0x1c ./Drivers/STM32L4xx_HAL_Driver/Src/stm32l4xx_hal_pwr_ex.o
                0x080017f0                HAL_PWREx_GetVoltageRange
 .text.HAL_PWREx_ControlVoltageScaling
                0x0800180c       0xac ./Drivers/STM32L4xx_HAL_Driver/Src/stm32l4xx_hal_pwr_ex.o
                0x0800180c                HAL_PWREx_ControlVoltageScaling
 .text.HAL_RCC_OscConfig
                0x080018b8      0x7b8 ./Drivers/STM32L4xx_HAL_Driver/Src/stm32l4xx_hal_rcc.o
                0x080018b8                HAL_RCC_OscConfig
 .text.HAL_RCC_ClockConfig
                0x08002070      0x200 ./Drivers/STM32L4xx_HAL_Driver/Src/stm32l4xx_hal_rcc.o
                0x08002070                HAL_RCC_ClockConfig
 .text.HAL_RCC_GetSysClockFreq
                0x08002270      0x118 ./Drivers/STM32L4xx_HAL_Driver/Src/stm32l4xx_hal_rcc.o
                0x08002270                HAL_RCC_GetSysClockFreq
 .text.HAL_RCC_GetHCLKFreq
                0x08002388       0x18 ./Drivers/STM32L4xx_HAL_Driver/Src/stm32l4xx_hal_rcc.o
                0x08002388                HAL_RCC_GetHCLKFreq
 .text.HAL_RCC_GetPCLK1Freq
                0x080023a0       0x2c ./Drivers/STM32L4xx_HAL_Driver/Src/stm32l4xx_hal_rcc.o
                0x080023a0                HAL_RCC_GetPCLK1Freq
 .text.HAL_RCC_GetPCLK2Freq
                0x080023cc       0x2c ./Drivers/STM32L4xx_HAL_Driver/Src/stm32l4xx_hal_rcc.o
                0x080023cc                HAL_RCC_GetPCLK2Freq
 .text.RCC_SetFlashLatencyFromMSIRange
                0x080023f8       0xc0 ./Drivers/STM32L4xx_HAL_Driver/Src/stm32l4xx_hal_rcc.o
 .text.HAL_RCCEx_PeriphCLKConfig
                0x080024b8      0x5d4 ./Drivers/STM32L4xx_HAL_Driver/Src/stm32l4xx_hal_rcc_ex.o
                0x080024b8                HAL_RCCEx_PeriphCLKConfig
 .text.RCCEx_PLLSAI1_Config
                0x08002a8c      0x1e8 ./Drivers/STM32L4xx_HAL_Driver/Src/stm32l4xx_hal_rcc_ex.o
 .text.RCCEx_PLLSAI2_Config
                0x08002c74      0x1bc ./Drivers/STM32L4xx_HAL_Driver/Src/stm32l4xx_hal_rcc_ex.o
 .text.HAL_RTC_Init
                0x08002e30      0x110 ./Drivers/STM32L4xx_HAL_Driver/Src/stm32l4xx_hal_rtc.o
                0x08002e30                HAL_RTC_Init
 .text.HAL_RTC_SetTime
                0x08002f40      0x13a ./Drivers/STM32L4xx_HAL_Driver/Src/stm32l4xx_hal_rtc.o
                0x08002f40                HAL_RTC_SetTime
 .text.HAL_RTC_GetTime
                0x0800307a       0xb8 ./Drivers/STM32L4xx_HAL_Driver/Src/stm32l4xx_hal_rtc.o
                0x0800307a                HAL_RTC_GetTime
 .text.HAL_RTC_SetDate
                0x08003132      0x10e ./Drivers/STM32L4xx_HAL_Driver/Src/stm32l4xx_hal_rtc.o
                0x08003132                HAL_RTC_SetDate
 .text.HAL_RTC_GetDate
                0x08003240       0x9a ./Drivers/STM32L4xx_HAL_Driver/Src/stm32l4xx_hal_rtc.o
                0x08003240                HAL_RTC_GetDate
 *fill*         0x080032da        0x2 
 .text.HAL_RTC_WaitForSynchro
                0x080032dc       0x48 ./Drivers/STM32L4xx_HAL_Driver/Src/stm32l4xx_hal_rtc.o
                0x080032dc                HAL_RTC_WaitForSynchro
 .text.RTC_EnterInitMode
                0x08003324       0x66 ./Drivers/STM32L4xx_HAL_Driver/Src/stm32l4xx_hal_rtc.o
                0x08003324                RTC_EnterInitMode
 *fill*         0x0800338a        0x2 
 .text.RTC_ExitInitMode
                0x0800338c       0x7c ./Drivers/STM32L4xx_HAL_Driver/Src/stm32l4xx_hal_rtc.o
                0x0800338c                RTC_ExitInitMode
 .text.RTC_ByteToBcd2
                0x08003408       0x40 ./Drivers/STM32L4xx_HAL_Driver/Src/stm32l4xx_hal_rtc.o
                0x08003408                RTC_ByteToBcd2
 .text.RTC_Bcd2ToByte
                0x08003448       0x34 ./Drivers/STM32L4xx_HAL_Driver/Src/stm32l4xx_hal_rtc.o
                0x08003448                RTC_Bcd2ToByte
 .text.HAL_UART_Init
                0x0800347c       0x9c ./Drivers/STM32L4xx_HAL_Driver/Src/stm32l4xx_hal_uart.o
                0x0800347c                HAL_UART_Init
 .text.HAL_UART_Transmit
                0x08003518      0x112 ./Drivers/STM32L4xx_HAL_Driver/Src/stm32l4xx_hal_uart.o
                0x08003518                HAL_UART_Transmit
 *fill*         0x0800362a        0x2 
 .text.HAL_UART_Transmit_IT
                0x0800362c       0xbc ./Drivers/STM32L4xx_HAL_Driver/Src/stm32l4xx_hal_uart.o
                0x0800362c                HAL_UART_Transmit_IT
 .text.HAL_UART_Receive_IT
                0x080036e8       0x98 ./Drivers/STM32L4xx_HAL_Driver/Src/stm32l4xx_hal_uart.o
                0x080036e8                HAL_UART_Receive_IT
 .text.HAL_UART_IRQHandler
                0x08003780      0x60c ./Drivers/STM32L4xx_HAL_Driver/Src/stm32l4xx_hal_uart.o
                0x08003780                HAL_UART_IRQHandler
 .text.HAL_UART_TxCpltCallback
                0x08003d8c       0x14 ./Drivers/STM32L4xx_HAL_Driver/Src/stm32l4xx_hal_uart.o
                0x08003d8c                HAL_UART_TxCpltCallback
 .text.HAL_UART_ErrorCallback
                0x08003da0       0x14 ./Drivers/STM32L4xx_HAL_Driver/Src/stm32l4xx_hal_uart.o
                0x08003da0                HAL_UART_ErrorCallback
 .text.HAL_UARTEx_RxEventCallback
                0x08003db4       0x18 ./Drivers/STM32L4xx_HAL_Driver/Src/stm32l4xx_hal_uart.o
                0x08003db4                HAL_UARTEx_RxEventCallback
 .text.UART_SetConfig
                0x08003dcc      0x570 ./Drivers/STM32L4xx_HAL_Driver/Src/stm32l4xx_hal_uart.o
                0x08003dcc                UART_SetConfig
 .text.UART_AdvFeatureConfig
                0x0800433c      0x144 ./Drivers/STM32L4xx_HAL_Driver/Src/stm32l4xx_hal_uart.o
                0x0800433c                UART_AdvFeatureConfig
 .text.UART_CheckIdleState
                0x08004480      0x150 ./Drivers/STM32L4xx_HAL_Driver/Src/stm32l4xx_hal_uart.o
                0x08004480                UART_CheckIdleState
 .text.UART_WaitOnFlagUntilTimeout
                0x080045d0       0xda ./Drivers/STM32L4xx_HAL_Driver/Src/stm32l4xx_hal_uart.o
                0x080045d0                UART_WaitOnFlagUntilTimeout
 *fill*         0x080046aa        0x2 
 .text.UART_Start_Receive_IT
                0x080046ac      0x18c ./Drivers/STM32L4xx_HAL_Driver/Src/stm32l4xx_hal_uart.o
                0x080046ac                UART_Start_Receive_IT
 .text.UART_EndRxTransfer
                0x08004838       0xc8 ./Drivers/STM32L4xx_HAL_Driver/Src/stm32l4xx_hal_uart.o
 .text.UART_DMAAbortOnError
                0x08004900       0x2c ./Drivers/STM32L4xx_HAL_Driver/Src/stm32l4xx_hal_uart.o
 .text.UART_TxISR_8BIT
                0x0800492c       0xb6 ./Drivers/STM32L4xx_HAL_Driver/Src/stm32l4xx_hal_uart.o
 .text.UART_TxISR_16BIT
                0x080049e2       0xc0 ./Drivers/STM32L4xx_HAL_Driver/Src/stm32l4xx_hal_uart.o
 .text.UART_EndTransmit_IT
                0x08004aa2       0x54 ./Drivers/STM32L4xx_HAL_Driver/Src/stm32l4xx_hal_uart.o
 *fill*         0x08004af6        0x2 
 .text.UART_RxISR_8BIT
                0x08004af8      0x1bc ./Drivers/STM32L4xx_HAL_Driver/Src/stm32l4xx_hal_uart.o
 .text.UART_RxISR_16BIT
                0x08004cb4      0x1bc ./Drivers/STM32L4xx_HAL_Driver/Src/stm32l4xx_hal_uart.o
 .text.HAL_UARTEx_WakeupCallback
                0x08004e70       0x14 ./Drivers/STM32L4xx_HAL_Driver/Src/stm32l4xx_hal_uart_ex.o
                0x08004e70                HAL_UARTEx_WakeupCallback
 .text.osKernelStart
                0x08004e84        0xe ./Middlewares/Third_Party/FreeRTOS/Source/CMSIS_RTOS/cmsis_os.o
                0x08004e84                osKernelStart
 .text.vListInitialise
                0x08004e92       0x40 ./Middlewares/Third_Party/FreeRTOS/Source/list.o
                0x08004e92                vListInitialise
 .text.vListInitialiseItem
                0x08004ed2       0x1a ./Middlewares/Third_Party/FreeRTOS/Source/list.o
                0x08004ed2                vListInitialiseItem
 .text.vListInsertEnd
                0x08004eec       0x48 ./Middlewares/Third_Party/FreeRTOS/Source/list.o
                0x08004eec                vListInsertEnd
 .text.vListInsert
                0x08004f34       0x72 ./Middlewares/Third_Party/FreeRTOS/Source/list.o
                0x08004f34                vListInsert
 .text.uxListRemove
                0x08004fa6       0x54 ./Middlewares/Third_Party/FreeRTOS/Source/list.o
                0x08004fa6                uxListRemove
 *fill*         0x08004ffa        0x2 
 .text.xQueueGenericReset
                0x08004ffc       0xd4 ./Middlewares/Third_Party/FreeRTOS/Source/queue.o
                0x08004ffc                xQueueGenericReset
 .text.xQueueGenericCreate
                0x080050d0       0x76 ./Middlewares/Third_Party/FreeRTOS/Source/queue.o
                0x080050d0                xQueueGenericCreate
 .text.prvInitialiseNewQueue
                0x08005146       0x3e ./Middlewares/Third_Party/FreeRTOS/Source/queue.o
 .text.xQueueGenericSend
                0x08005184      0x204 ./Middlewares/Third_Party/FreeRTOS/Source/queue.o
                0x08005184                xQueueGenericSend
 .text.xQueueReceive
                0x08005388      0x1c4 ./Middlewares/Third_Party/FreeRTOS/Source/queue.o
                0x08005388                xQueueReceive
 .text.prvCopyDataToQueue
                0x0800554c       0xd4 ./Middlewares/Third_Party/FreeRTOS/Source/queue.o
 .text.prvCopyDataFromQueue
                0x08005620       0x4c ./Middlewares/Third_Party/FreeRTOS/Source/queue.o
 .text.prvUnlockQueue
                0x0800566c       0xa4 ./Middlewares/Third_Party/FreeRTOS/Source/queue.o
 .text.prvIsQueueEmpty
                0x08005710       0x2c ./Middlewares/Third_Party/FreeRTOS/Source/queue.o
 .text.prvIsQueueFull
                0x0800573c       0x30 ./Middlewares/Third_Party/FreeRTOS/Source/queue.o
 .text.xTaskCreateStatic
                0x0800576c       0xc0 ./Middlewares/Third_Party/FreeRTOS/Source/tasks.o
                0x0800576c                xTaskCreateStatic
 .text.xTaskCreate
                0x0800582c       0x8a ./Middlewares/Third_Party/FreeRTOS/Source/tasks.o
                0x0800582c                xTaskCreate
 .text.prvInitialiseNewTask
                0x080058b6      0x110 ./Middlewares/Third_Party/FreeRTOS/Source/tasks.o
 *fill*         0x080059c6        0x2 
 .text.prvAddNewTaskToReadyList
                0x080059c8       0xd4 ./Middlewares/Third_Party/FreeRTOS/Source/tasks.o
 .text.vTaskStartScheduler
                0x08005a9c       0xc4 ./Middlewares/Third_Party/FreeRTOS/Source/tasks.o
                0x08005a9c                vTaskStartScheduler
 .text.vTaskSuspendAll
                0x08005b60       0x1c ./Middlewares/Third_Party/FreeRTOS/Source/tasks.o
                0x08005b60                vTaskSuspendAll
 .text.xTaskResumeAll
                0x08005b7c      0x13c ./Middlewares/Third_Party/FreeRTOS/Source/tasks.o
                0x08005b7c                xTaskResumeAll
 .text.xTaskIncrementTick
                0x08005cb8      0x174 ./Middlewares/Third_Party/FreeRTOS/Source/tasks.o
                0x08005cb8                xTaskIncrementTick
 .text.vTaskSwitchContext
                0x08005e2c       0xb8 ./Middlewares/Third_Party/FreeRTOS/Source/tasks.o
                0x08005e2c                vTaskSwitchContext
 .text.vTaskPlaceOnEventList
                0x08005ee4       0x4c ./Middlewares/Third_Party/FreeRTOS/Source/tasks.o
                0x08005ee4                vTaskPlaceOnEventList
 .text.xTaskRemoveFromEventList
                0x08005f30       0xc8 ./Middlewares/Third_Party/FreeRTOS/Source/tasks.o
                0x08005f30                xTaskRemoveFromEventList
 .text.vTaskInternalSetTimeOutState
                0x08005ff8       0x2c ./Middlewares/Third_Party/FreeRTOS/Source/tasks.o
                0x08005ff8                vTaskInternalSetTimeOutState
 .text.xTaskCheckForTimeOut
                0x08006024       0xc8 ./Middlewares/Third_Party/FreeRTOS/Source/tasks.o
                0x08006024                xTaskCheckForTimeOut
 .text.vTaskMissedYield
                0x080060ec       0x18 ./Middlewares/Third_Party/FreeRTOS/Source/tasks.o
                0x080060ec                vTaskMissedYield
 .text.prvIdleTask
                0x08006104       0x30 ./Middlewares/Third_Party/FreeRTOS/Source/tasks.o
 .text.prvInitialiseTaskLists
                0x08006134       0x80 ./Middlewares/Third_Party/FreeRTOS/Source/tasks.o
 .text.prvCheckTasksWaitingTermination
                0x080061b4       0x5c ./Middlewares/Third_Party/FreeRTOS/Source/tasks.o
 .text.prvDeleteTCB
                0x08006210       0x60 ./Middlewares/Third_Party/FreeRTOS/Source/tasks.o
 .text.prvResetNextTaskUnblockTime
                0x08006270       0x40 ./Middlewares/Third_Party/FreeRTOS/Source/tasks.o
 .text.xTaskGetSchedulerState
                0x080062b0       0x3c ./Middlewares/Third_Party/FreeRTOS/Source/tasks.o
                0x080062b0                xTaskGetSchedulerState
 .text.xTaskPriorityDisinherit
                0x080062ec      0x110 ./Middlewares/Third_Party/FreeRTOS/Source/tasks.o
                0x080062ec                xTaskPriorityDisinherit
 .text.xTaskNotifyWait
                0x080063fc       0xb4 ./Middlewares/Third_Party/FreeRTOS/Source/tasks.o
                0x080063fc                xTaskNotifyWait
 .text.vTaskNotifyGiveFromISR
                0x080064b0      0x128 ./Middlewares/Third_Party/FreeRTOS/Source/tasks.o
                0x080064b0                vTaskNotifyGiveFromISR
 .text.prvAddCurrentTaskToDelayedList
                0x080065d8       0xcc ./Middlewares/Third_Party/FreeRTOS/Source/tasks.o
 .text.pxPortInitialiseStack
                0x080066a4       0x68 ./Middlewares/Third_Party/FreeRTOS/Source/portable/GCC/ARM_CM4F/port.o
                0x080066a4                pxPortInitialiseStack
 .text.prvTaskExitError
                0x0800670c       0x5c ./Middlewares/Third_Party/FreeRTOS/Source/portable/GCC/ARM_CM4F/port.o
 *fill*         0x08006768        0x8 
 .text.SVC_Handler
                0x08006770       0x28 ./Middlewares/Third_Party/FreeRTOS/Source/portable/GCC/ARM_CM4F/port.o
                0x08006770                SVC_Handler
 .text.prvPortStartFirstTask
                0x08006798       0x28 ./Middlewares/Third_Party/FreeRTOS/Source/portable/GCC/ARM_CM4F/port.o
 .text.xPortStartScheduler
                0x080067c0      0x148 ./Middlewares/Third_Party/FreeRTOS/Source/portable/GCC/ARM_CM4F/port.o
                0x080067c0                xPortStartScheduler
 .text.vPortEnterCritical
                0x08006908       0x64 ./Middlewares/Third_Party/FreeRTOS/Source/portable/GCC/ARM_CM4F/port.o
                0x08006908                vPortEnterCritical
 .text.vPortExitCritical
                0x0800696c       0x54 ./Middlewares/Third_Party/FreeRTOS/Source/portable/GCC/ARM_CM4F/port.o
                0x0800696c                vPortExitCritical
 .text.PendSV_Handler
                0x080069c0       0x68 ./Middlewares/Third_Party/FreeRTOS/Source/portable/GCC/ARM_CM4F/port.o
                0x080069c0                PendSV_Handler
 .text.xPortSysTickHandler
                0x08006a28       0x44 ./Middlewares/Third_Party/FreeRTOS/Source/portable/GCC/ARM_CM4F/port.o
                0x08006a28                xPortSysTickHandler
 .text.vPortSetupTimerInterrupt
                0x08006a6c       0x48 ./Middlewares/Third_Party/FreeRTOS/Source/portable/GCC/ARM_CM4F/port.o
                0x08006a6c                vPortSetupTimerInterrupt
 .text.vPortEnableVFP
                0x08006ab4       0x14 ./Middlewares/Third_Party/FreeRTOS/Source/portable/GCC/ARM_CM4F/port.o
 .text.vPortValidateInterruptPriority
                0x08006ac8       0x84 ./Middlewares/Third_Party/FreeRTOS/Source/portable/GCC/ARM_CM4F/port.o
                0x08006ac8                vPortValidateInterruptPriority
 .text.pvPortMalloc
                0x08006b4c      0x19c ./Middlewares/Third_Party/FreeRTOS/Source/portable/MemMang/heap_4.o
                0x08006b4c                pvPortMalloc
 .text.vPortFree
                0x08006ce8       0xc8 ./Middlewares/Third_Party/FreeRTOS/Source/portable/MemMang/heap_4.o
                0x08006ce8                vPortFree
 .text.prvHeapInit
                0x08006db0       0xc4 ./Middlewares/Third_Party/FreeRTOS/Source/portable/MemMang/heap_4.o
 .text.prvInsertBlockIntoFreeList
                0x08006e74       0xb4 ./Middlewares/Third_Party/FreeRTOS/Source/portable/MemMang/heap_4.o
 .text.sprintf  0x08006f28       0x44 C:/ST/STM32CubeIDE_1.19.0/STM32CubeIDE/plugins/com.st.stm32cube.ide.mcu.externaltools.gnu-tools-for-stm32.13.3.rel1.win32_1.0.0.202411081344/tools/bin/../lib/gcc/arm-none-eabi/13.3.1/../../../../arm-none-eabi/lib/thumb/v7e-m+fp/hard\libc_nano.a(libc_a-sprintf.o)
                0x08006f28                siprintf
                0x08006f28                sprintf
 .text.memset   0x08006f6c       0x10 C:/ST/STM32CubeIDE_1.19.0/STM32CubeIDE/plugins/com.st.stm32cube.ide.mcu.externaltools.gnu-tools-for-stm32.13.3.rel1.win32_1.0.0.202411081344/tools/bin/../lib/gcc/arm-none-eabi/13.3.1/../../../../arm-none-eabi/lib/thumb/v7e-m+fp/hard\libc_nano.a(libc_a-memset.o)
                0x08006f6c                memset
 .text.__errno  0x08006f7c        0xc C:/ST/STM32CubeIDE_1.19.0/STM32CubeIDE/plugins/com.st.stm32cube.ide.mcu.externaltools.gnu-tools-for-stm32.13.3.rel1.win32_1.0.0.202411081344/tools/bin/../lib/gcc/arm-none-eabi/13.3.1/../../../../arm-none-eabi/lib/thumb/v7e-m+fp/hard\libc_nano.a(libc_a-errno.o)
                0x08006f7c                __errno
 .text.__libc_init_array
                0x08006f88       0x48 C:/ST/STM32CubeIDE_1.19.0/STM32CubeIDE/plugins/com.st.stm32cube.ide.mcu.externaltools.gnu-tools-for-stm32.13.3.rel1.win32_1.0.0.202411081344/tools/bin/../lib/gcc/arm-none-eabi/13.3.1/../../../../arm-none-eabi/lib/thumb/v7e-m+fp/hard\libc_nano.a(libc_a-init.o)
                0x08006f88                __libc_init_array
 .text.__retarget_lock_acquire_recursive
                0x08006fd0        0x2 C:/ST/STM32CubeIDE_1.19.0/STM32CubeIDE/plugins/com.st.stm32cube.ide.mcu.externaltools.gnu-tools-for-stm32.13.3.rel1.win32_1.0.0.202411081344/tools/bin/../lib/gcc/arm-none-eabi/13.3.1/../../../../arm-none-eabi/lib/thumb/v7e-m+fp/hard\libc_nano.a(libc_a-lock.o)
                0x08006fd0                __retarget_lock_acquire_recursive
 .text.__retarget_lock_release_recursive
                0x08006fd2        0x2 C:/ST/STM32CubeIDE_1.19.0/STM32CubeIDE/plugins/com.st.stm32cube.ide.mcu.externaltools.gnu-tools-for-stm32.13.3.rel1.win32_1.0.0.202411081344/tools/bin/../lib/gcc/arm-none-eabi/13.3.1/../../../../arm-none-eabi/lib/thumb/v7e-m+fp/hard\libc_nano.a(libc_a-lock.o)
                0x08006fd2                __retarget_lock_release_recursive
 .text.memcpy   0x08006fd4       0x1c C:/ST/STM32CubeIDE_1.19.0/STM32CubeIDE/plugins/com.st.stm32cube.ide.mcu.externaltools.gnu-tools-for-stm32.13.3.rel1.win32_1.0.0.202411081344/tools/bin/../lib/gcc/arm-none-eabi/13.3.1/../../../../arm-none-eabi/lib/thumb/v7e-m+fp/hard\libc_nano.a(libc_a-memcpy-stub.o)
                0x08006fd4                memcpy
 .text._free_r  0x08006ff0       0x94 C:/ST/STM32CubeIDE_1.19.0/STM32CubeIDE/plugins/com.st.stm32cube.ide.mcu.externaltools.gnu-tools-for-stm32.13.3.rel1.win32_1.0.0.202411081344/tools/bin/../lib/gcc/arm-none-eabi/13.3.1/../../../../arm-none-eabi/lib/thumb/v7e-m+fp/hard\libc_nano.a(libc_a-freer.o)
                0x08006ff0                _free_r
 .text.sbrk_aligned
                0x08007084       0x44 C:/ST/STM32CubeIDE_1.19.0/STM32CubeIDE/plugins/com.st.stm32cube.ide.mcu.externaltools.gnu-tools-for-stm32.13.3.rel1.win32_1.0.0.202411081344/tools/bin/../lib/gcc/arm-none-eabi/13.3.1/../../../../arm-none-eabi/lib/thumb/v7e-m+fp/hard\libc_nano.a(libc_a-mallocr.o)
 .text._malloc_r
                0x080070c8      0x100 C:/ST/STM32CubeIDE_1.19.0/STM32CubeIDE/plugins/com.st.stm32cube.ide.mcu.externaltools.gnu-tools-for-stm32.13.3.rel1.win32_1.0.0.202411081344/tools/bin/../lib/gcc/arm-none-eabi/13.3.1/../../../../arm-none-eabi/lib/thumb/v7e-m+fp/hard\libc_nano.a(libc_a-mallocr.o)
                0x080070c8                _malloc_r
 .text.__malloc_lock
                0x080071c8        0xc C:/ST/STM32CubeIDE_1.19.0/STM32CubeIDE/plugins/com.st.stm32cube.ide.mcu.externaltools.gnu-tools-for-stm32.13.3.rel1.win32_1.0.0.202411081344/tools/bin/../lib/gcc/arm-none-eabi/13.3.1/../../../../arm-none-eabi/lib/thumb/v7e-m+fp/hard\libc_nano.a(libc_a-mlock.o)
                0x080071c8                __malloc_lock
 .text.__malloc_unlock
                0x080071d4        0xc C:/ST/STM32CubeIDE_1.19.0/STM32CubeIDE/plugins/com.st.stm32cube.ide.mcu.externaltools.gnu-tools-for-stm32.13.3.rel1.win32_1.0.0.202411081344/tools/bin/../lib/gcc/arm-none-eabi/13.3.1/../../../../arm-none-eabi/lib/thumb/v7e-m+fp/hard\libc_nano.a(libc_a-mlock.o)
                0x080071d4                __malloc_unlock
 .text.__ssputs_r
                0x080071e0       0xb6 C:/ST/STM32CubeIDE_1.19.0/STM32CubeIDE/plugins/com.st.stm32cube.ide.mcu.externaltools.gnu-tools-for-stm32.13.3.rel1.win32_1.0.0.202411081344/tools/bin/../lib/gcc/arm-none-eabi/13.3.1/../../../../arm-none-eabi/lib/thumb/v7e-m+fp/hard\libc_nano.a(libc_a-nano-svfprintf.o)
                0x080071e0                __ssputs_r
 *fill*         0x08007296        0x2 
 .text._svfprintf_r
                0x08007298      0x1f8 C:/ST/STM32CubeIDE_1.19.0/STM32CubeIDE/plugins/com.st.stm32cube.ide.mcu.externaltools.gnu-tools-for-stm32.13.3.rel1.win32_1.0.0.202411081344/tools/bin/../lib/gcc/arm-none-eabi/13.3.1/../../../../arm-none-eabi/lib/thumb/v7e-m+fp/hard\libc_nano.a(libc_a-nano-svfprintf.o)
                0x08007298                _svfiprintf_r
                0x08007298                _svfprintf_r
 .text._printf_common
                0x08007490       0xda C:/ST/STM32CubeIDE_1.19.0/STM32CubeIDE/plugins/com.st.stm32cube.ide.mcu.externaltools.gnu-tools-for-stm32.13.3.rel1.win32_1.0.0.202411081344/tools/bin/../lib/gcc/arm-none-eabi/13.3.1/../../../../arm-none-eabi/lib/thumb/v7e-m+fp/hard\libc_nano.a(libc_a-nano-vfprintf_i.o)
                0x08007490                _printf_common
 *fill*         0x0800756a        0x2 
 .text._printf_i
                0x0800756c      0x23c C:/ST/STM32CubeIDE_1.19.0/STM32CubeIDE/plugins/com.st.stm32cube.ide.mcu.externaltools.gnu-tools-for-stm32.13.3.rel1.win32_1.0.0.202411081344/tools/bin/../lib/gcc/arm-none-eabi/13.3.1/../../../../arm-none-eabi/lib/thumb/v7e-m+fp/hard\libc_nano.a(libc_a-nano-vfprintf_i.o)
                0x0800756c                _printf_i
 .text.memmove  0x080077a8       0x34 C:/ST/STM32CubeIDE_1.19.0/STM32CubeIDE/plugins/com.st.stm32cube.ide.mcu.externaltools.gnu-tools-for-stm32.13.3.rel1.win32_1.0.0.202411081344/tools/bin/../lib/gcc/arm-none-eabi/13.3.1/../../../../arm-none-eabi/lib/thumb/v7e-m+fp/hard\libc_nano.a(libc_a-memmove.o)
                0x080077a8                memmove
 .text._sbrk_r  0x080077dc       0x20 C:/ST/STM32CubeIDE_1.19.0/STM32CubeIDE/plugins/com.st.stm32cube.ide.mcu.externaltools.gnu-tools-for-stm32.13.3.rel1.win32_1.0.0.202411081344/tools/bin/../lib/gcc/arm-none-eabi/13.3.1/../../../../arm-none-eabi/lib/thumb/v7e-m+fp/hard\libc_nano.a(libc_a-sbrkr.o)
                0x080077dc                _sbrk_r
 .text._realloc_r
                0x080077fc       0x5c C:/ST/STM32CubeIDE_1.19.0/STM32CubeIDE/plugins/com.st.stm32cube.ide.mcu.externaltools.gnu-tools-for-stm32.13.3.rel1.win32_1.0.0.202411081344/tools/bin/../lib/gcc/arm-none-eabi/13.3.1/../../../../arm-none-eabi/lib/thumb/v7e-m+fp/hard\libc_nano.a(libc_a-reallocr.o)
                0x080077fc                _realloc_r
 .text._malloc_usable_size_r
                0x08007858       0x10 C:/ST/STM32CubeIDE_1.19.0/STM32CubeIDE/plugins/com.st.stm32cube.ide.mcu.externaltools.gnu-tools-for-stm32.13.3.rel1.win32_1.0.0.202411081344/tools/bin/../lib/gcc/arm-none-eabi/13.3.1/../../../../arm-none-eabi/lib/thumb/v7e-m+fp/hard\libc_nano.a(libc_a-msizer.o)
                0x08007858                _malloc_usable_size_r
 *(.glue_7)
 .glue_7        0x08007868        0x0 linker stubs
 *(.glue_7t)
 .glue_7t       0x08007868        0x0 linker stubs
 *(.eh_frame)
 .eh_frame      0x08007868        0x0 C:/ST/STM32CubeIDE_1.19.0/STM32CubeIDE/plugins/com.st.stm32cube.ide.mcu.externaltools.gnu-tools-for-stm32.13.3.rel1.win32_1.0.0.202411081344/tools/bin/../lib/gcc/arm-none-eabi/13.3.1/thumb/v7e-m+fp/hard/crtbegin.o
 *(.init)
 .init          0x08007868        0x4 C:/ST/STM32CubeIDE_1.19.0/STM32CubeIDE/plugins/com.st.stm32cube.ide.mcu.externaltools.gnu-tools-for-stm32.13.3.rel1.win32_1.0.0.202411081344/tools/bin/../lib/gcc/arm-none-eabi/13.3.1/thumb/v7e-m+fp/hard/crti.o
                0x08007868                _init
 .init          0x0800786c        0x8 C:/ST/STM32CubeIDE_1.19.0/STM32CubeIDE/plugins/com.st.stm32cube.ide.mcu.externaltools.gnu-tools-for-stm32.13.3.rel1.win32_1.0.0.202411081344/tools/bin/../lib/gcc/arm-none-eabi/13.3.1/thumb/v7e-m+fp/hard/crtn.o
 *(.fini)
 .fini          0x08007874        0x4 C:/ST/STM32CubeIDE_1.19.0/STM32CubeIDE/plugins/com.st.stm32cube.ide.mcu.externaltools.gnu-tools-for-stm32.13.3.rel1.win32_1.0.0.202411081344/tools/bin/../lib/gcc/arm-none-eabi/13.3.1/thumb/v7e-m+fp/hard/crti.o
                0x08007874                _fini
 .fini          0x08007878        0x8 C:/ST/STM32CubeIDE_1.19.0/STM32CubeIDE/plugins/com.st.stm32cube.ide.mcu.externaltools.gnu-tools-for-stm32.13.3.rel1.win32_1.0.0.202411081344/tools/bin/../lib/gcc/arm-none-eabi/13.3.1/thumb/v7e-m+fp/hard/crtn.o
                0x08007880                        . = ALIGN (0x4)
                0x08007880                        _etext = .

.vfp11_veneer   0x08007880        0x0
 .vfp11_veneer  0x08007880        0x0 linker stubs

.v4_bx          0x08007880        0x0
 .v4_bx         0x08007880        0x0 linker stubs

.iplt           0x08007880        0x0
 .iplt          0x08007880        0x0 C:/ST/STM32CubeIDE_1.19.0/STM32CubeIDE/plugins/com.st.stm32cube.ide.mcu.externaltools.gnu-tools-for-stm32.13.3.rel1.win32_1.0.0.202411081344/tools/bin/../lib/gcc/arm-none-eabi/13.3.1/thumb/v7e-m+fp/hard/crtbegin.o

.rodata         0x08007880      0x13c
                0x08007880                        . = ALIGN (0x4)
 *(.rodata)
 .rodata        0x08007880       0xb8 ./Core/Src/main.o
 .rodata        0x08007938        0x5 ./Middlewares/Third_Party/FreeRTOS/Source/tasks.o
 *(.rodata*)
 *fill*         0x0800793d        0x3 
 .rodata.AHBPrescTable
                0x08007940       0x10 ./Core/Src/system_stm32l4xx.o
                0x08007940                AHBPrescTable
 .rodata.APBPrescTable
                0x08007950        0x8 ./Core/Src/system_stm32l4xx.o
                0x08007950                APBPrescTable
 .rodata.MSIRangeTable
                0x08007958       0x30 ./Core/Src/system_stm32l4xx.o
                0x08007958                MSIRangeTable
 .rodata._svfprintf_r.str1.1
                0x08007988       0x33 C:/ST/STM32CubeIDE_1.19.0/STM32CubeIDE/plugins/com.st.stm32cube.ide.mcu.externaltools.gnu-tools-for-stm32.13.3.rel1.win32_1.0.0.202411081344/tools/bin/../lib/gcc/arm-none-eabi/13.3.1/../../../../arm-none-eabi/lib/thumb/v7e-m+fp/hard\libc_nano.a(libc_a-nano-svfprintf.o)
                                 0x11 (size before relaxing)
 .rodata._printf_i.str1.1
                0x080079bb       0x22 C:/ST/STM32CubeIDE_1.19.0/STM32CubeIDE/plugins/com.st.stm32cube.ide.mcu.externaltools.gnu-tools-for-stm32.13.3.rel1.win32_1.0.0.202411081344/tools/bin/../lib/gcc/arm-none-eabi/13.3.1/../../../../arm-none-eabi/lib/thumb/v7e-m+fp/hard\libc_nano.a(libc_a-nano-vfprintf_i.o)
                0x080079e0                        . = ALIGN (0x4)
 *fill*         0x080079bb        0x1 

.ARM.extab      0x080079bc        0x0
                0x080079bc                        . = ALIGN (0x4)
 *(.ARM.extab* .gnu.linkonce.armextab.*)
                0x080079bc                        . = ALIGN (0x4)

.ARM            0x080079bc        0x8
                0x080079bc                        . = ALIGN (0x4)
                0x080079bc                        __exidx_start = .
 *(.ARM.exidx*)
 .ARM.exidx     0x080079bc        0x8 C:/ST/STM32CubeIDE_1.19.0/STM32CubeIDE/plugins/com.st.stm32cube.ide.mcu.externaltools.gnu-tools-for-stm32.13.3.rel1.win32_1.0.0.202411081344/tools/bin/../lib/gcc/arm-none-eabi/13.3.1/../../../../arm-none-eabi/lib/thumb/v7e-m+fp/hard\libc_nano.a(libc_a-strlen.o)
 .ARM.exidx     0x080079c4        0x0 C:/ST/STM32CubeIDE_1.19.0/STM32CubeIDE/plugins/com.st.stm32cube.ide.mcu.externaltools.gnu-tools-for-stm32.13.3.rel1.win32_1.0.0.202411081344/tools/bin/../lib/gcc/arm-none-eabi/13.3.1/../../../../arm-none-eabi/lib/thumb/v7e-m+fp/hard\libc_nano.a(libc_a-memchr.o)
                                  0x8 (size before relaxing)
 .ARM.exidx     0x080079c4        0x0 C:/ST/STM32CubeIDE_1.19.0/STM32CubeIDE/plugins/com.st.stm32cube.ide.mcu.externaltools.gnu-tools-for-stm32.13.3.rel1.win32_1.0.0.202411081344/tools/bin/../lib/gcc/arm-none-eabi/13.3.1/thumb/v7e-m+fp/hard\libgcc.a(_udivmoddi4.o)
                                  0x8 (size before relaxing)
                0x080079c4                        __exidx_end = .
                0x080079c4                        . = ALIGN (0x4)

.preinit_array  0x080079c4        0x0
                0x080079c4                        . = ALIGN (0x4)
                0x080079c4                        PROVIDE (__preinit_array_start = .)
 *(.preinit_array*)
                0x080079c4                        PROVIDE (__preinit_array_end = .)
                0x080079c4                        . = ALIGN (0x4)

.init_array     0x080079c4        0x4
                0x080079c4                        . = ALIGN (0x4)
                0x080079c4                        PROVIDE (__init_array_start = .)
 *(SORT_BY_NAME(.init_array.*))
 *(.init_array*)
 .init_array    0x080079c4        0x4 C:/ST/STM32CubeIDE_1.19.0/STM32CubeIDE/plugins/com.st.stm32cube.ide.mcu.externaltools.gnu-tools-for-stm32.13.3.rel1.win32_1.0.0.202411081344/tools/bin/../lib/gcc/arm-none-eabi/13.3.1/thumb/v7e-m+fp/hard/crtbegin.o
                0x080079c8                        PROVIDE (__init_array_end = .)
                0x080079c8                        . = ALIGN (0x4)

.fini_array     0x080079c8        0x4
                0x080079c8                        . = ALIGN (0x4)
                [!provide]                        PROVIDE (__fini_array_start = .)
 *(SORT_BY_NAME(.fini_array.*))
 *(.fini_array*)
 .fini_array    0x080079c8        0x4 C:/ST/STM32CubeIDE_1.19.0/STM32CubeIDE/plugins/com.st.stm32cube.ide.mcu.externaltools.gnu-tools-for-stm32.13.3.rel1.win32_1.0.0.202411081344/tools/bin/../lib/gcc/arm-none-eabi/13.3.1/thumb/v7e-m+fp/hard/crtbegin.o
                [!provide]                        PROVIDE (__fini_array_end = .)
                0x080079cc                        . = ALIGN (0x4)
                0x080079cc                        _sidata = LOADADDR (.data)

.rel.dyn        0x080079cc        0x0
 .rel.iplt      0x080079cc        0x0 C:/ST/STM32CubeIDE_1.19.0/STM32CubeIDE/plugins/com.st.stm32cube.ide.mcu.externaltools.gnu-tools-for-stm32.13.3.rel1.win32_1.0.0.202411081344/tools/bin/../lib/gcc/arm-none-eabi/13.3.1/thumb/v7e-m+fp/hard/crtbegin.o

.data           0x20000000       0xd0 load address 0x080079cc
                0x20000000                        . = ALIGN (0x4)
                0x20000000                        _sdata = .
 *(.data)
 *(.data*)
 .data.menu     0x20000000       0x70 ./Core/Src/main.o
                0x20000000                menu
 .data.SystemCoreClock
                0x20000070        0x4 ./Core/Src/system_stm32l4xx.o
                0x20000070                SystemCoreClock
 .data.uwTickPrio
                0x20000074        0x4 ./Drivers/STM32L4xx_HAL_Driver/Src/stm32l4xx_hal.o
                0x20000074                uwTickPrio
 .data.uwTickFreq
                0x20000078        0x1 ./Drivers/STM32L4xx_HAL_Driver/Src/stm32l4xx_hal.o
                0x20000078                uwTickFreq
 *fill*         0x20000079        0x3 
 .data.uxCriticalNesting
                0x2000007c        0x4 ./Middlewares/Third_Party/FreeRTOS/Source/portable/GCC/ARM_CM4F/port.o
 .data._impure_ptr
                0x20000080        0x4 C:/ST/STM32CubeIDE_1.19.0/STM32CubeIDE/plugins/com.st.stm32cube.ide.mcu.externaltools.gnu-tools-for-stm32.13.3.rel1.win32_1.0.0.202411081344/tools/bin/../lib/gcc/arm-none-eabi/13.3.1/../../../../arm-none-eabi/lib/thumb/v7e-m+fp/hard\libc_nano.a(libc_a-impure.o)
                0x20000080                _impure_ptr
 .data._impure_data
                0x20000084       0x4c C:/ST/STM32CubeIDE_1.19.0/STM32CubeIDE/plugins/com.st.stm32cube.ide.mcu.externaltools.gnu-tools-for-stm32.13.3.rel1.win32_1.0.0.202411081344/tools/bin/../lib/gcc/arm-none-eabi/13.3.1/../../../../arm-none-eabi/lib/thumb/v7e-m+fp/hard\libc_nano.a(libc_a-impure.o)
                0x20000084                _impure_data
 *(.RamFunc)
 *(.RamFunc*)
                0x200000d0                        . = ALIGN (0x4)
                0x200000d0                        _edata = .

.igot.plt       0x200000d0        0x0 load address 0x08007a9c
 .igot.plt      0x200000d0        0x0 C:/ST/STM32CubeIDE_1.19.0/STM32CubeIDE/plugins/com.st.stm32cube.ide.mcu.externaltools.gnu-tools-for-stm32.13.3.rel1.win32_1.0.0.202411081344/tools/bin/../lib/gcc/arm-none-eabi/13.3.1/thumb/v7e-m+fp/hard/crtbegin.o
                0x200000d0                        . = ALIGN (0x4)

.bss            0x200000d0     0x11a8 load address 0x08007a9c
                0x200000d0                        _sbss = .
                0x200000d0                        __bss_start__ = _sbss
 *(.bss)
 .bss           0x200000d0       0x1c C:/ST/STM32CubeIDE_1.19.0/STM32CubeIDE/plugins/com.st.stm32cube.ide.mcu.externaltools.gnu-tools-for-stm32.13.3.rel1.win32_1.0.0.202411081344/tools/bin/../lib/gcc/arm-none-eabi/13.3.1/thumb/v7e-m+fp/hard/crtbegin.o
 *(.bss*)
 .bss.xIdleTaskTCBBuffer
                0x200000ec       0x54 ./Core/Src/freertos.o
 .bss.xIdleStack
                0x20000140      0x200 ./Core/Src/freertos.o
 .bss.hrtc      0x20000340       0x24 ./Core/Src/main.o
                0x20000340                hrtc
 .bss.huart2    0x20000364       0x88 ./Core/Src/main.o
                0x20000364                huart2
 .bss.taskhandle1
                0x200003ec        0x4 ./Core/Src/main.o
                0x200003ec                taskhandle1
 .bss.taskhandle2
                0x200003f0        0x4 ./Core/Src/main.o
                0x200003f0                taskhandle2
 .bss.taskhandle3
                0x200003f4        0x4 ./Core/Src/main.o
                0x200003f4                taskhandle3
 .bss.taskhandle4
                0x200003f8        0x4 ./Core/Src/main.o
                0x200003f8                taskhandle4
 .bss.cmd_q     0x200003fc        0x4 ./Core/Src/main.o
                0x200003fc                cmd_q
 .bss.uart_q    0x20000400        0x4 ./Core/Src/main.o
                0x20000400                uart_q
 .bss.cmd_buf   0x20000404       0x14 ./Core/Src/main.o
                0x20000404                cmd_buf
 .bss.cmd_len   0x20000418        0x1 ./Core/Src/main.o
                0x20000418                cmd_len
 .bss.rx_byte   0x20000419        0x1 ./Core/Src/main.o
                0x20000419                rx_byte
 *fill*         0x2000041a        0x2 
 .bss.__sbrk_heap_end
                0x2000041c        0x4 ./Core/Src/sysmem.o
 .bss.uwTick    0x20000420        0x4 ./Drivers/STM32L4xx_HAL_Driver/Src/stm32l4xx_hal.o
                0x20000420                uwTick
 .bss.pxCurrentTCB
                0x20000424        0x4 ./Middlewares/Third_Party/FreeRTOS/Source/tasks.o
                0x20000424                pxCurrentTCB
 .bss.pxReadyTasksLists
                0x20000428       0x8c ./Middlewares/Third_Party/FreeRTOS/Source/tasks.o
 .bss.xDelayedTaskList1
                0x200004b4       0x14 ./Middlewares/Third_Party/FreeRTOS/Source/tasks.o
 .bss.xDelayedTaskList2
                0x200004c8       0x14 ./Middlewares/Third_Party/FreeRTOS/Source/tasks.o
 .bss.pxDelayedTaskList
                0x200004dc        0x4 ./Middlewares/Third_Party/FreeRTOS/Source/tasks.o
 .bss.pxOverflowDelayedTaskList
                0x200004e0        0x4 ./Middlewares/Third_Party/FreeRTOS/Source/tasks.o
 .bss.xPendingReadyList
                0x200004e4       0x14 ./Middlewares/Third_Party/FreeRTOS/Source/tasks.o
 .bss.xTasksWaitingTermination
                0x200004f8       0x14 ./Middlewares/Third_Party/FreeRTOS/Source/tasks.o
 .bss.uxDeletedTasksWaitingCleanUp
                0x2000050c        0x4 ./Middlewares/Third_Party/FreeRTOS/Source/tasks.o
 .bss.xSuspendedTaskList
                0x20000510       0x14 ./Middlewares/Third_Party/FreeRTOS/Source/tasks.o
 .bss.uxCurrentNumberOfTasks
                0x20000524        0x4 ./Middlewares/Third_Party/FreeRTOS/Source/tasks.o
 .bss.xTickCount
                0x20000528        0x4 ./Middlewares/Third_Party/FreeRTOS/Source/tasks.o
 .bss.uxTopReadyPriority
                0x2000052c        0x4 ./Middlewares/Third_Party/FreeRTOS/Source/tasks.o
 .bss.xSchedulerRunning
                0x20000530        0x4 ./Middlewares/Third_Party/FreeRTOS/Source/tasks.o
 .bss.xPendedTicks
                0x20000534        0x4 ./Middlewares/Third_Party/FreeRTOS/Source/tasks.o
 .bss.xYieldPending
                0x20000538        0x4 ./Middlewares/Third_Party/FreeRTOS/Source/tasks.o
 .bss.xNumOfOverflows
                0x2000053c        0x4 ./Middlewares/Third_Party/FreeRTOS/Source/tasks.o
 .bss.uxTaskNumber
                0x20000540        0x4 ./Middlewares/Third_Party/FreeRTOS/Source/tasks.o
 .bss.xNextTaskUnblockTime
                0x20000544        0x4 ./Middlewares/Third_Party/FreeRTOS/Source/tasks.o
 .bss.xIdleTaskHandle
                0x20000548        0x4 ./Middlewares/Third_Party/FreeRTOS/Source/tasks.o
 .bss.uxSchedulerSuspended
                0x2000054c        0x4 ./Middlewares/Third_Party/FreeRTOS/Source/tasks.o
 .bss.ucMaxSysCallPriority
                0x20000550        0x1 ./Middlewares/Third_Party/FreeRTOS/Source/portable/GCC/ARM_CM4F/port.o
 *fill*         0x20000551        0x3 
 .bss.ulMaxPRIGROUPValue
                0x20000554        0x4 ./Middlewares/Third_Party/FreeRTOS/Source/portable/GCC/ARM_CM4F/port.o
 .bss.ucHeap    0x20000558      0xbb8 ./Middlewares/Third_Party/FreeRTOS/Source/portable/MemMang/heap_4.o
 .bss.xStart    0x20001110        0x8 ./Middlewares/Third_Party/FreeRTOS/Source/portable/MemMang/heap_4.o
 .bss.pxEnd     0x20001118        0x4 ./Middlewares/Third_Party/FreeRTOS/Source/portable/MemMang/heap_4.o
 .bss.xFreeBytesRemaining
                0x2000111c        0x4 ./Middlewares/Third_Party/FreeRTOS/Source/portable/MemMang/heap_4.o
 .bss.xMinimumEverFreeBytesRemaining
                0x20001120        0x4 ./Middlewares/Third_Party/FreeRTOS/Source/portable/MemMang/heap_4.o
 .bss.xNumberOfSuccessfulAllocations
                0x20001124        0x4 ./Middlewares/Third_Party/FreeRTOS/Source/portable/MemMang/heap_4.o
 .bss.xNumberOfSuccessfulFrees
                0x20001128        0x4 ./Middlewares/Third_Party/FreeRTOS/Source/portable/MemMang/heap_4.o
 .bss.xBlockAllocatedBit
                0x2000112c        0x4 ./Middlewares/Third_Party/FreeRTOS/Source/portable/MemMang/heap_4.o
 .bss.__sf      0x20001130      0x138 C:/ST/STM32CubeIDE_1.19.0/STM32CubeIDE/plugins/com.st.stm32cube.ide.mcu.externaltools.gnu-tools-for-stm32.13.3.rel1.win32_1.0.0.202411081344/tools/bin/../lib/gcc/arm-none-eabi/13.3.1/../../../../arm-none-eabi/lib/thumb/v7e-m+fp/hard\libc_nano.a(libc_a-findfp.o)
                0x20001130                __sf
 .bss.errno     0x20001268        0x4 C:/ST/STM32CubeIDE_1.19.0/STM32CubeIDE/plugins/com.st.stm32cube.ide.mcu.externaltools.gnu-tools-for-stm32.13.3.rel1.win32_1.0.0.202411081344/tools/bin/../lib/gcc/arm-none-eabi/13.3.1/../../../../arm-none-eabi/lib/thumb/v7e-m+fp/hard\libc_nano.a(libc_a-reent.o)
                0x20001268                errno
 .bss.__lock___malloc_recursive_mutex
                0x2000126c        0x1 C:/ST/STM32CubeIDE_1.19.0/STM32CubeIDE/plugins/com.st.stm32cube.ide.mcu.externaltools.gnu-tools-for-stm32.13.3.rel1.win32_1.0.0.202411081344/tools/bin/../lib/gcc/arm-none-eabi/13.3.1/../../../../arm-none-eabi/lib/thumb/v7e-m+fp/hard\libc_nano.a(libc_a-lock.o)
                0x2000126c                __lock___malloc_recursive_mutex
 *fill*         0x2000126d        0x3 
 .bss.__malloc_sbrk_start
                0x20001270        0x4 C:/ST/STM32CubeIDE_1.19.0/STM32CubeIDE/plugins/com.st.stm32cube.ide.mcu.externaltools.gnu-tools-for-stm32.13.3.rel1.win32_1.0.0.202411081344/tools/bin/../lib/gcc/arm-none-eabi/13.3.1/../../../../arm-none-eabi/lib/thumb/v7e-m+fp/hard\libc_nano.a(libc_a-mallocr.o)
                0x20001270                __malloc_sbrk_start
 .bss.__malloc_free_list
                0x20001274        0x4 C:/ST/STM32CubeIDE_1.19.0/STM32CubeIDE/plugins/com.st.stm32cube.ide.mcu.externaltools.gnu-tools-for-stm32.13.3.rel1.win32_1.0.0.202411081344/tools/bin/../lib/gcc/arm-none-eabi/13.3.1/../../../../arm-none-eabi/lib/thumb/v7e-m+fp/hard\libc_nano.a(libc_a-mallocr.o)
                0x20001274                __malloc_free_list
 *(COMMON)
                0x20001278                        . = ALIGN (0x4)
                0x20001278                        _ebss = .
                0x20001278                        __bss_end__ = _ebss

._user_heap_stack
                0x20001278      0x600 load address 0x08007a9c
                0x20001278                        . = ALIGN (0x8)
                [!provide]                        PROVIDE (end = .)
                0x20001278                        PROVIDE (_end = .)
                0x20001478                        . = (. + _Min_Heap_Size)
 *fill*         0x20001278      0x200 
                0x20001878                        . = (. + _Min_Stack_Size)
 *fill*         0x20001478      0x400 
                0x20001878                        . = ALIGN (0x8)

/DISCARD/
 libc.a(*)
 libm.a(*)
 libgcc.a(*)

.ARM.attributes
                0x00000000       0x30
 *(.ARM.attributes)
 .ARM.attributes
                0x00000000       0x22 C:/ST/STM32CubeIDE_1.19.0/STM32CubeIDE/plugins/com.st.stm32cube.ide.mcu.externaltools.gnu-tools-for-stm32.13.3.rel1.win32_1.0.0.202411081344/tools/bin/../lib/gcc/arm-none-eabi/13.3.1/thumb/v7e-m+fp/hard/crti.o
 .ARM.attributes
                0x00000022       0x34 C:/ST/STM32CubeIDE_1.19.0/STM32CubeIDE/plugins/com.st.stm32cube.ide.mcu.externaltools.gnu-tools-for-stm32.13.3.rel1.win32_1.0.0.202411081344/tools/bin/../lib/gcc/arm-none-eabi/13.3.1/thumb/v7e-m+fp/hard/crtbegin.o
 .ARM.attributes
                0x00000056       0x34 ./Core/Src/freertos.o
 .ARM.attributes
                0x0000008a       0x34 ./Core/Src/main.o
 .ARM.attributes
                0x000000be       0x34 ./Core/Src/stm32l4xx_hal_msp.o
 .ARM.attributes
                0x000000f2       0x34 ./Core/Src/stm32l4xx_it.o
 .ARM.attributes
                0x00000126       0x34 ./Core/Src/sysmem.o
 .ARM.attributes
                0x0000015a       0x34 ./Core/Src/system_stm32l4xx.o
 .ARM.attributes
                0x0000018e       0x21 ./Core/Startup/startup_stm32l476rgtx.o
 .ARM.attributes
                0x000001af       0x34 ./Drivers/STM32L4xx_HAL_Driver/Src/stm32l4xx_hal.o
 .ARM.attributes
                0x000001e3       0x34 ./Drivers/STM32L4xx_HAL_Driver/Src/stm32l4xx_hal_cortex.o
 .ARM.attributes
                0x00000217       0x34 ./Drivers/STM32L4xx_HAL_Driver/Src/stm32l4xx_hal_dma.o
 .ARM.attributes
                0x0000024b       0x34 ./Drivers/STM32L4xx_HAL_Driver/Src/stm32l4xx_hal_gpio.o
 .ARM.attributes
                0x0000027f       0x34 ./Drivers/STM32L4xx_HAL_Driver/Src/stm32l4xx_hal_pwr_ex.o
 .ARM.attributes
                0x000002b3       0x34 ./Drivers/STM32L4xx_HAL_Driver/Src/stm32l4xx_hal_rcc.o
 .ARM.attributes
                0x000002e7       0x34 ./Drivers/STM32L4xx_HAL_Driver/Src/stm32l4xx_hal_rcc_ex.o
 .ARM.attributes
                0x0000031b       0x34 ./Drivers/STM32L4xx_HAL_Driver/Src/stm32l4xx_hal_rtc.o
 .ARM.attributes
                0x0000034f       0x34 ./Drivers/STM32L4xx_HAL_Driver/Src/stm32l4xx_hal_uart.o
 .ARM.attributes
                0x00000383       0x34 ./Drivers/STM32L4xx_HAL_Driver/Src/stm32l4xx_hal_uart_ex.o
 .ARM.attributes
                0x000003b7       0x34 ./Middlewares/Third_Party/FreeRTOS/Source/CMSIS_RTOS/cmsis_os.o
 .ARM.attributes
                0x000003eb       0x34 ./Middlewares/Third_Party/FreeRTOS/Source/list.o
 .ARM.attributes
                0x0000041f       0x34 ./Middlewares/Third_Party/FreeRTOS/Source/queue.o
 .ARM.attributes
                0x00000453       0x34 ./Middlewares/Third_Party/FreeRTOS/Source/tasks.o
 .ARM.attributes
                0x00000487       0x34 ./Middlewares/Third_Party/FreeRTOS/Source/portable/GCC/ARM_CM4F/port.o
 .ARM.attributes
                0x000004bb       0x34 ./Middlewares/Third_Party/FreeRTOS/Source/portable/MemMang/heap_4.o
 .ARM.attributes
                0x000004ef       0x34 C:/ST/STM32CubeIDE_1.19.0/STM32CubeIDE/plugins/com.st.stm32cube.ide.mcu.externaltools.gnu-tools-for-stm32.13.3.rel1.win32_1.0.0.202411081344/tools/bin/../lib/gcc/arm-none-eabi/13.3.1/../../../../arm-none-eabi/lib/thumb/v7e-m+fp/hard\libc_nano.a(libc_a-findfp.o)
 .ARM.attributes
                0x00000523       0x34 C:/ST/STM32CubeIDE_1.19.0/STM32CubeIDE/plugins/com.st.stm32cube.ide.mcu.externaltools.gnu-tools-for-stm32.13.3.rel1.win32_1.0.0.202411081344/tools/bin/../lib/gcc/arm-none-eabi/13.3.1/../../../../arm-none-eabi/lib/thumb/v7e-m+fp/hard\libc_nano.a(libc_a-sprintf.o)
 .ARM.attributes
                0x00000557       0x34 C:/ST/STM32CubeIDE_1.19.0/STM32CubeIDE/plugins/com.st.stm32cube.ide.mcu.externaltools.gnu-tools-for-stm32.13.3.rel1.win32_1.0.0.202411081344/tools/bin/../lib/gcc/arm-none-eabi/13.3.1/../../../../arm-none-eabi/lib/thumb/v7e-m+fp/hard\libc_nano.a(libc_a-memset.o)
 .ARM.attributes
                0x0000058b       0x34 C:/ST/STM32CubeIDE_1.19.0/STM32CubeIDE/plugins/com.st.stm32cube.ide.mcu.externaltools.gnu-tools-for-stm32.13.3.rel1.win32_1.0.0.202411081344/tools/bin/../lib/gcc/arm-none-eabi/13.3.1/../../../../arm-none-eabi/lib/thumb/v7e-m+fp/hard\libc_nano.a(libc_a-reent.o)
 .ARM.attributes
                0x000005bf       0x34 C:/ST/STM32CubeIDE_1.19.0/STM32CubeIDE/plugins/com.st.stm32cube.ide.mcu.externaltools.gnu-tools-for-stm32.13.3.rel1.win32_1.0.0.202411081344/tools/bin/../lib/gcc/arm-none-eabi/13.3.1/../../../../arm-none-eabi/lib/thumb/v7e-m+fp/hard\libc_nano.a(libc_a-impure.o)
 .ARM.attributes
                0x000005f3       0x34 C:/ST/STM32CubeIDE_1.19.0/STM32CubeIDE/plugins/com.st.stm32cube.ide.mcu.externaltools.gnu-tools-for-stm32.13.3.rel1.win32_1.0.0.202411081344/tools/bin/../lib/gcc/arm-none-eabi/13.3.1/../../../../arm-none-eabi/lib/thumb/v7e-m+fp/hard\libc_nano.a(libc_a-errno.o)
 .ARM.attributes
                0x00000627       0x34 C:/ST/STM32CubeIDE_1.19.0/STM32CubeIDE/plugins/com.st.stm32cube.ide.mcu.externaltools.gnu-tools-for-stm32.13.3.rel1.win32_1.0.0.202411081344/tools/bin/../lib/gcc/arm-none-eabi/13.3.1/../../../../arm-none-eabi/lib/thumb/v7e-m+fp/hard\libc_nano.a(libc_a-init.o)
 .ARM.attributes
                0x0000065b       0x34 C:/ST/STM32CubeIDE_1.19.0/STM32CubeIDE/plugins/com.st.stm32cube.ide.mcu.externaltools.gnu-tools-for-stm32.13.3.rel1.win32_1.0.0.202411081344/tools/bin/../lib/gcc/arm-none-eabi/13.3.1/../../../../arm-none-eabi/lib/thumb/v7e-m+fp/hard\libc_nano.a(libc_a-lock.o)
 .ARM.attributes
                0x0000068f       0x34 C:/ST/STM32CubeIDE_1.19.0/STM32CubeIDE/plugins/com.st.stm32cube.ide.mcu.externaltools.gnu-tools-for-stm32.13.3.rel1.win32_1.0.0.202411081344/tools/bin/../lib/gcc/arm-none-eabi/13.3.1/../../../../arm-none-eabi/lib/thumb/v7e-m+fp/hard\libc_nano.a(libc_a-memcpy-stub.o)
 .ARM.attributes
                0x000006c3       0x17 C:/ST/STM32CubeIDE_1.19.0/STM32CubeIDE/plugins/com.st.stm32cube.ide.mcu.externaltools.gnu-tools-for-stm32.13.3.rel1.win32_1.0.0.202411081344/tools/bin/../lib/gcc/arm-none-eabi/13.3.1/../../../../arm-none-eabi/lib/thumb/v7e-m+fp/hard\libc_nano.a(libc_a-strlen.o)
 .ARM.attributes
                0x000006da       0x34 C:/ST/STM32CubeIDE_1.19.0/STM32CubeIDE/plugins/com.st.stm32cube.ide.mcu.externaltools.gnu-tools-for-stm32.13.3.rel1.win32_1.0.0.202411081344/tools/bin/../lib/gcc/arm-none-eabi/13.3.1/../../../../arm-none-eabi/lib/thumb/v7e-m+fp/hard\libc_nano.a(libc_a-freer.o)
 .ARM.attributes
                0x0000070e       0x34 C:/ST/STM32CubeIDE_1.19.0/STM32CubeIDE/plugins/com.st.stm32cube.ide.mcu.externaltools.gnu-tools-for-stm32.13.3.rel1.win32_1.0.0.202411081344/tools/bin/../lib/gcc/arm-none-eabi/13.3.1/../../../../arm-none-eabi/lib/thumb/v7e-m+fp/hard\libc_nano.a(libc_a-mallocr.o)
 .ARM.attributes
                0x00000742       0x34 C:/ST/STM32CubeIDE_1.19.0/STM32CubeIDE/plugins/com.st.stm32cube.ide.mcu.externaltools.gnu-tools-for-stm32.13.3.rel1.win32_1.0.0.202411081344/tools/bin/../lib/gcc/arm-none-eabi/13.3.1/../../../../arm-none-eabi/lib/thumb/v7e-m+fp/hard\libc_nano.a(libc_a-mlock.o)
 .ARM.attributes
                0x00000776       0x34 C:/ST/STM32CubeIDE_1.19.0/STM32CubeIDE/plugins/com.st.stm32cube.ide.mcu.externaltools.gnu-tools-for-stm32.13.3.rel1.win32_1.0.0.202411081344/tools/bin/../lib/gcc/arm-none-eabi/13.3.1/../../../../arm-none-eabi/lib/thumb/v7e-m+fp/hard\libc_nano.a(libc_a-nano-svfprintf.o)
 .ARM.attributes
                0x000007aa       0x34 C:/ST/STM32CubeIDE_1.19.0/STM32CubeIDE/plugins/com.st.stm32cube.ide.mcu.externaltools.gnu-tools-for-stm32.13.3.rel1.win32_1.0.0.202411081344/tools/bin/../lib/gcc/arm-none-eabi/13.3.1/../../../../arm-none-eabi/lib/thumb/v7e-m+fp/hard\libc_nano.a(libc_a-nano-vfprintf_i.o)
 .ARM.attributes
                0x000007de       0x34 C:/ST/STM32CubeIDE_1.19.0/STM32CubeIDE/plugins/com.st.stm32cube.ide.mcu.externaltools.gnu-tools-for-stm32.13.3.rel1.win32_1.0.0.202411081344/tools/bin/../lib/gcc/arm-none-eabi/13.3.1/../../../../arm-none-eabi/lib/thumb/v7e-m+fp/hard\libc_nano.a(libc_a-memmove.o)
 .ARM.attributes
                0x00000812       0x34 C:/ST/STM32CubeIDE_1.19.0/STM32CubeIDE/plugins/com.st.stm32cube.ide.mcu.externaltools.gnu-tools-for-stm32.13.3.rel1.win32_1.0.0.202411081344/tools/bin/../lib/gcc/arm-none-eabi/13.3.1/../../../../arm-none-eabi/lib/thumb/v7e-m+fp/hard\libc_nano.a(libc_a-sbrkr.o)
 .ARM.attributes
                0x00000846       0x1c C:/ST/STM32CubeIDE_1.19.0/STM32CubeIDE/plugins/com.st.stm32cube.ide.mcu.externaltools.gnu-tools-for-stm32.13.3.rel1.win32_1.0.0.202411081344/tools/bin/../lib/gcc/arm-none-eabi/13.3.1/../../../../arm-none-eabi/lib/thumb/v7e-m+fp/hard\libc_nano.a(libc_a-memchr.o)
 .ARM.attributes
                0x00000862       0x34 C:/ST/STM32CubeIDE_1.19.0/STM32CubeIDE/plugins/com.st.stm32cube.ide.mcu.externaltools.gnu-tools-for-stm32.13.3.rel1.win32_1.0.0.202411081344/tools/bin/../lib/gcc/arm-none-eabi/13.3.1/../../../../arm-none-eabi/lib/thumb/v7e-m+fp/hard\libc_nano.a(libc_a-reallocr.o)
 .ARM.attributes
                0x00000896       0x34 C:/ST/STM32CubeIDE_1.19.0/STM32CubeIDE/plugins/com.st.stm32cube.ide.mcu.externaltools.gnu-tools-for-stm32.13.3.rel1.win32_1.0.0.202411081344/tools/bin/../lib/gcc/arm-none-eabi/13.3.1/../../../../arm-none-eabi/lib/thumb/v7e-m+fp/hard\libc_nano.a(libc_a-msizer.o)
 .ARM.attributes
                0x000008ca       0x22 C:/ST/STM32CubeIDE_1.19.0/STM32CubeIDE/plugins/com.st.stm32cube.ide.mcu.externaltools.gnu-tools-for-stm32.13.3.rel1.win32_1.0.0.202411081344/tools/bin/../lib/gcc/arm-none-eabi/13.3.1/thumb/v7e-m+fp/hard\libgcc.a(_aeabi_uldivmod.o)
 .ARM.attributes
                0x000008ec       0x34 C:/ST/STM32CubeIDE_1.19.0/STM32CubeIDE/plugins/com.st.stm32cube.ide.mcu.externaltools.gnu-tools-for-stm32.13.3.rel1.win32_1.0.0.202411081344/tools/bin/../lib/gcc/arm-none-eabi/13.3.1/thumb/v7e-m+fp/hard\libgcc.a(_udivmoddi4.o)
 .ARM.attributes
                0x00000920       0x22 C:/ST/STM32CubeIDE_1.19.0/STM32CubeIDE/plugins/com.st.stm32cube.ide.mcu.externaltools.gnu-tools-for-stm32.13.3.rel1.win32_1.0.0.202411081344/tools/bin/../lib/gcc/arm-none-eabi/13.3.1/thumb/v7e-m+fp/hard\libgcc.a(_dvmd_tls.o)
 .ARM.attributes
                0x00000942       0x22 C:/ST/STM32CubeIDE_1.19.0/STM32CubeIDE/plugins/com.st.stm32cube.ide.mcu.externaltools.gnu-tools-for-stm32.13.3.rel1.win32_1.0.0.202411081344/tools/bin/../lib/gcc/arm-none-eabi/13.3.1/thumb/v7e-m+fp/hard/crtn.o
OUTPUT(11_Queue.elf elf32-littlearm)
LOAD linker stubs
LOAD C:/ST/STM32CubeIDE_1.19.0/STM32CubeIDE/plugins/com.st.stm32cube.ide.mcu.externaltools.gnu-tools-for-stm32.13.3.rel1.win32_1.0.0.202411081344/tools/bin/../lib/gcc/arm-none-eabi/13.3.1/../../../../arm-none-eabi/lib/thumb/v7e-m+fp/hard\libc.a
LOAD C:/ST/STM32CubeIDE_1.19.0/STM32CubeIDE/plugins/com.st.stm32cube.ide.mcu.externaltools.gnu-tools-for-stm32.13.3.rel1.win32_1.0.0.202411081344/tools/bin/../lib/gcc/arm-none-eabi/13.3.1/../../../../arm-none-eabi/lib/thumb/v7e-m+fp/hard\libm.a
LOAD C:/ST/STM32CubeIDE_1.19.0/STM32CubeIDE/plugins/com.st.stm32cube.ide.mcu.externaltools.gnu-tools-for-stm32.13.3.rel1.win32_1.0.0.202411081344/tools/bin/../lib/gcc/arm-none-eabi/13.3.1/thumb/v7e-m+fp/hard\libgcc.a

.debug_info     0x00000000    0x13d14
 .debug_info    0x00000000      0x279 ./Core/Src/freertos.o
 .debug_info    0x00000279     0x1997 ./Core/Src/main.o
 .debug_info    0x00001c10     0x13d3 ./Core/Src/stm32l4xx_hal_msp.o
 .debug_info    0x00002fe3      0x735 ./Core/Src/stm32l4xx_it.o
 .debug_info    0x00003718      0x168 ./Core/Src/sysmem.o
 .debug_info    0x00003880      0x5b1 ./Core/Src/system_stm32l4xx.o
 .debug_info    0x00003e31       0x30 ./Core/Startup/startup_stm32l476rgtx.o
 .debug_info    0x00003e61      0xc09 ./Drivers/STM32L4xx_HAL_Driver/Src/stm32l4xx_hal.o
 .debug_info    0x00004a6a      0xd81 ./Drivers/STM32L4xx_HAL_Driver/Src/stm32l4xx_hal_cortex.o
 .debug_info    0x000057eb      0x6f4 ./Drivers/STM32L4xx_HAL_Driver/Src/stm32l4xx_hal_dma.o
 .debug_info    0x00005edf      0x757 ./Drivers/STM32L4xx_HAL_Driver/Src/stm32l4xx_hal_gpio.o
 .debug_info    0x00006636      0x99e ./Drivers/STM32L4xx_HAL_Driver/Src/stm32l4xx_hal_pwr_ex.o
 .debug_info    0x00006fd4      0xc14 ./Drivers/STM32L4xx_HAL_Driver/Src/stm32l4xx_hal_rcc.o
 .debug_info    0x00007be8      0xe11 ./Drivers/STM32L4xx_HAL_Driver/Src/stm32l4xx_hal_rcc_ex.o
 .debug_info    0x000089f9      0xd7d ./Drivers/STM32L4xx_HAL_Driver/Src/stm32l4xx_hal_rtc.o
 .debug_info    0x00009776     0x3b69 ./Drivers/STM32L4xx_HAL_Driver/Src/stm32l4xx_hal_uart.o
 .debug_info    0x0000d2df      0xdff ./Drivers/STM32L4xx_HAL_Driver/Src/stm32l4xx_hal_uart_ex.o
 .debug_info    0x0000e0de     0x1b60 ./Middlewares/Third_Party/FreeRTOS/Source/CMSIS_RTOS/cmsis_os.o
 .debug_info    0x0000fc3e      0x2af ./Middlewares/Third_Party/FreeRTOS/Source/list.o
 .debug_info    0x0000feed     0x17cd ./Middlewares/Third_Party/FreeRTOS/Source/queue.o
 .debug_info    0x000116ba     0x1ca7 ./Middlewares/Third_Party/FreeRTOS/Source/tasks.o
 .debug_info    0x00013361      0x4de ./Middlewares/Third_Party/FreeRTOS/Source/portable/GCC/ARM_CM4F/port.o
 .debug_info    0x0001383f      0x4d5 ./Middlewares/Third_Party/FreeRTOS/Source/portable/MemMang/heap_4.o

.debug_abbrev   0x00000000     0x31d9
 .debug_abbrev  0x00000000       0xd2 ./Core/Src/freertos.o
 .debug_abbrev  0x000000d2      0x346 ./Core/Src/main.o
 .debug_abbrev  0x00000418      0x1f3 ./Core/Src/stm32l4xx_hal_msp.o
 .debug_abbrev  0x0000060b      0x19a ./Core/Src/stm32l4xx_it.o
 .debug_abbrev  0x000007a5       0xbc ./Core/Src/sysmem.o
 .debug_abbrev  0x00000861      0x11a ./Core/Src/system_stm32l4xx.o
 .debug_abbrev  0x0000097b       0x24 ./Core/Startup/startup_stm32l476rgtx.o
 .debug_abbrev  0x0000099f      0x243 ./Drivers/STM32L4xx_HAL_Driver/Src/stm32l4xx_hal.o
 .debug_abbrev  0x00000be2      0x31c ./Drivers/STM32L4xx_HAL_Driver/Src/stm32l4xx_hal_cortex.o
 .debug_abbrev  0x00000efe      0x1e4 ./Drivers/STM32L4xx_HAL_Driver/Src/stm32l4xx_hal_dma.o
 .debug_abbrev  0x000010e2      0x1cb ./Drivers/STM32L4xx_HAL_Driver/Src/stm32l4xx_hal_gpio.o
 .debug_abbrev  0x000012ad      0x1f9 ./Drivers/STM32L4xx_HAL_Driver/Src/stm32l4xx_hal_pwr_ex.o
 .debug_abbrev  0x000014a6      0x2cb ./Drivers/STM32L4xx_HAL_Driver/Src/stm32l4xx_hal_rcc.o
 .debug_abbrev  0x00001771      0x2a6 ./Drivers/STM32L4xx_HAL_Driver/Src/stm32l4xx_hal_rcc_ex.o
 .debug_abbrev  0x00001a17      0x201 ./Drivers/STM32L4xx_HAL_Driver/Src/stm32l4xx_hal_rtc.o
 .debug_abbrev  0x00001c18      0x2d0 ./Drivers/STM32L4xx_HAL_Driver/Src/stm32l4xx_hal_uart.o
 .debug_abbrev  0x00001ee8      0x2be ./Drivers/STM32L4xx_HAL_Driver/Src/stm32l4xx_hal_uart_ex.o
 .debug_abbrev  0x000021a6      0x3b7 ./Middlewares/Third_Party/FreeRTOS/Source/CMSIS_RTOS/cmsis_os.o
 .debug_abbrev  0x0000255d       0xf5 ./Middlewares/Third_Party/FreeRTOS/Source/list.o
 .debug_abbrev  0x00002652      0x3b5 ./Middlewares/Third_Party/FreeRTOS/Source/queue.o
 .debug_abbrev  0x00002a07      0x359 ./Middlewares/Third_Party/FreeRTOS/Source/tasks.o
 .debug_abbrev  0x00002d60      0x25c ./Middlewares/Third_Party/FreeRTOS/Source/portable/GCC/ARM_CM4F/port.o
 .debug_abbrev  0x00002fbc      0x21d ./Middlewares/Third_Party/FreeRTOS/Source/portable/MemMang/heap_4.o

.debug_aranges  0x00000000     0x1100
 .debug_aranges
                0x00000000       0x20 ./Core/Src/freertos.o
 .debug_aranges
                0x00000020       0xb8 ./Core/Src/main.o
 .debug_aranges
                0x000000d8       0x40 ./Core/Src/stm32l4xx_hal_msp.o
 .debug_aranges
                0x00000118       0x58 ./Core/Src/stm32l4xx_it.o
 .debug_aranges
                0x00000170       0x20 ./Core/Src/sysmem.o
 .debug_aranges
                0x00000190       0x28 ./Core/Src/system_stm32l4xx.o
 .debug_aranges
                0x000001b8       0x28 ./Core/Startup/startup_stm32l476rgtx.o
 .debug_aranges
                0x000001e0      0x130 ./Drivers/STM32L4xx_HAL_Driver/Src/stm32l4xx_hal.o
 .debug_aranges
                0x00000310      0x128 ./Drivers/STM32L4xx_HAL_Driver/Src/stm32l4xx_hal_cortex.o
 .debug_aranges
                0x00000438       0x80 ./Drivers/STM32L4xx_HAL_Driver/Src/stm32l4xx_hal_dma.o
 .debug_aranges
                0x000004b8       0x58 ./Drivers/STM32L4xx_HAL_Driver/Src/stm32l4xx_hal_gpio.o
 .debug_aranges
                0x00000510      0x160 ./Drivers/STM32L4xx_HAL_Driver/Src/stm32l4xx_hal_pwr_ex.o
 .debug_aranges
                0x00000670       0x90 ./Drivers/STM32L4xx_HAL_Driver/Src/stm32l4xx_hal_rcc.o
 .debug_aranges
                0x00000700       0xc0 ./Drivers/STM32L4xx_HAL_Driver/Src/stm32l4xx_hal_rcc_ex.o
 .debug_aranges
                0x000007c0       0xe8 ./Drivers/STM32L4xx_HAL_Driver/Src/stm32l4xx_hal_rtc.o
 .debug_aranges
                0x000008a8      0x228 ./Drivers/STM32L4xx_HAL_Driver/Src/stm32l4xx_hal_uart.o
 .debug_aranges
                0x00000ad0       0x80 ./Drivers/STM32L4xx_HAL_Driver/Src/stm32l4xx_hal_uart_ex.o
 .debug_aranges
                0x00000b50      0x1d8 ./Middlewares/Third_Party/FreeRTOS/Source/CMSIS_RTOS/cmsis_os.o
 .debug_aranges
                0x00000d28       0x40 ./Middlewares/Third_Party/FreeRTOS/Source/list.o
 .debug_aranges
                0x00000d68      0x108 ./Middlewares/Third_Party/FreeRTOS/Source/queue.o
 .debug_aranges
                0x00000e70      0x1b8 ./Middlewares/Third_Party/FreeRTOS/Source/tasks.o
 .debug_aranges
                0x00001028       0x80 ./Middlewares/Third_Party/FreeRTOS/Source/portable/GCC/ARM_CM4F/port.o
 .debug_aranges
                0x000010a8       0x58 ./Middlewares/Third_Party/FreeRTOS/Source/portable/MemMang/heap_4.o

.debug_rnglists
                0x00000000      0xd04
 .debug_rnglists
                0x00000000       0x13 ./Core/Src/freertos.o
 .debug_rnglists
                0x00000013       0x8c ./Core/Src/main.o
 .debug_rnglists
                0x0000009f       0x2c ./Core/Src/stm32l4xx_hal_msp.o
 .debug_rnglists
                0x000000cb       0x3d ./Core/Src/stm32l4xx_it.o
 .debug_rnglists
                0x00000108       0x13 ./Core/Src/sysmem.o
 .debug_rnglists
                0x0000011b       0x1a ./Core/Src/system_stm32l4xx.o
 .debug_rnglists
                0x00000135       0x19 ./Core/Startup/startup_stm32l476rgtx.o
 .debug_rnglists
                0x0000014e       0xdf ./Drivers/STM32L4xx_HAL_Driver/Src/stm32l4xx_hal.o
 .debug_rnglists
                0x0000022d       0xda ./Drivers/STM32L4xx_HAL_Driver/Src/stm32l4xx_hal_cortex.o
 .debug_rnglists
                0x00000307       0x64 ./Drivers/STM32L4xx_HAL_Driver/Src/stm32l4xx_hal_dma.o
 .debug_rnglists
                0x0000036b       0x3f ./Drivers/STM32L4xx_HAL_Driver/Src/stm32l4xx_hal_gpio.o
 .debug_rnglists
                0x000003aa      0x109 ./Drivers/STM32L4xx_HAL_Driver/Src/stm32l4xx_hal_pwr_ex.o
 .debug_rnglists
                0x000004b3       0x6d ./Drivers/STM32L4xx_HAL_Driver/Src/stm32l4xx_hal_rcc.o
 .debug_rnglists
                0x00000520       0x95 ./Drivers/STM32L4xx_HAL_Driver/Src/stm32l4xx_hal_rcc_ex.o
 .debug_rnglists
                0x000005b5       0xb4 ./Drivers/STM32L4xx_HAL_Driver/Src/stm32l4xx_hal_rtc.o
 .debug_rnglists
                0x00000669      0x1db ./Drivers/STM32L4xx_HAL_Driver/Src/stm32l4xx_hal_uart.o
 .debug_rnglists
                0x00000844       0x60 ./Drivers/STM32L4xx_HAL_Driver/Src/stm32l4xx_hal_uart_ex.o
 .debug_rnglists
                0x000008a4      0x16a ./Middlewares/Third_Party/FreeRTOS/Source/CMSIS_RTOS/cmsis_os.o
 .debug_rnglists
                0x00000a0e       0x2b ./Middlewares/Third_Party/FreeRTOS/Source/list.o
 .debug_rnglists
                0x00000a39       0xcd ./Middlewares/Third_Party/FreeRTOS/Source/queue.o
 .debug_rnglists
                0x00000b06      0x15f ./Middlewares/Third_Party/FreeRTOS/Source/tasks.o
 .debug_rnglists
                0x00000c65       0x5d ./Middlewares/Third_Party/FreeRTOS/Source/portable/GCC/ARM_CM4F/port.o
 .debug_rnglists
                0x00000cc2       0x42 ./Middlewares/Third_Party/FreeRTOS/Source/portable/MemMang/heap_4.o

.debug_macro    0x00000000    0x2878e
 .debug_macro   0x00000000      0x23c ./Core/Src/freertos.o
 .debug_macro   0x0000023c      0xad8 ./Core/Src/freertos.o
 .debug_macro   0x00000d14      0x190 ./Core/Src/freertos.o
 .debug_macro   0x00000ea4       0x22 ./Core/Src/freertos.o
 .debug_macro   0x00000ec6       0x8e ./Core/Src/freertos.o
 .debug_macro   0x00000f54       0x51 ./Core/Src/freertos.o
 .debug_macro   0x00000fa5      0x103 ./Core/Src/freertos.o
 .debug_macro   0x000010a8       0x6a ./Core/Src/freertos.o
 .debug_macro   0x00001112      0x1df ./Core/Src/freertos.o
 .debug_macro   0x000012f1       0xe4 ./Core/Src/freertos.o
 .debug_macro   0x000013d5      0x15a ./Core/Src/freertos.o
 .debug_macro   0x0000152f       0xde ./Core/Src/freertos.o
 .debug_macro   0x0000160d       0x1c ./Core/Src/freertos.o
 .debug_macro   0x00001629       0x26 ./Core/Src/freertos.o
 .debug_macro   0x0000164f      0x504 ./Core/Src/freertos.o
 .debug_macro   0x00001b53       0xb5 ./Core/Src/freertos.o
 .debug_macro   0x00001c08       0xaa ./Core/Src/freertos.o
 .debug_macro   0x00001cb2      0x1a7 ./Core/Src/freertos.o
 .debug_macro   0x00001e59       0x2e ./Core/Src/freertos.o
 .debug_macro   0x00001e87       0x28 ./Core/Src/freertos.o
 .debug_macro   0x00001eaf       0x1c ./Core/Src/freertos.o
 .debug_macro   0x00001ecb       0x22 ./Core/Src/freertos.o
 .debug_macro   0x00001eed       0xfb ./Core/Src/freertos.o
 .debug_macro   0x00001fe8     0x1011 ./Core/Src/freertos.o
 .debug_macro   0x00002ff9      0x11f ./Core/Src/freertos.o
 .debug_macro   0x00003118    0x1a17a ./Core/Src/freertos.o
 .debug_macro   0x0001d292       0x6d ./Core/Src/freertos.o
 .debug_macro   0x0001d2ff     0x38fb ./Core/Src/freertos.o
 .debug_macro   0x00020bfa       0x5c ./Core/Src/freertos.o
 .debug_macro   0x00020c56     0x159e ./Core/Src/freertos.o
 .debug_macro   0x000221f4      0x5a5 ./Core/Src/freertos.o
 .debug_macro   0x00022799      0x1b9 ./Core/Src/freertos.o
 .debug_macro   0x00022952      0x18b ./Core/Src/freertos.o
 .debug_macro   0x00022add      0x26b ./Core/Src/freertos.o
 .debug_macro   0x00022d48      0x23d ./Core/Src/freertos.o
 .debug_macro   0x00022f85      0x241 ./Core/Src/freertos.o
 .debug_macro   0x000231c6      0x37c ./Core/Src/freertos.o
 .debug_macro   0x00023542       0xd6 ./Core/Src/freertos.o
 .debug_macro   0x00023618      0x122 ./Core/Src/freertos.o
 .debug_macro   0x0002373a      0x3ef ./Core/Src/freertos.o
 .debug_macro   0x00023b29      0x321 ./Core/Src/freertos.o
 .debug_macro   0x00023e4a      0x4fb ./Core/Src/freertos.o
 .debug_macro   0x00024345       0xeb ./Core/Src/freertos.o
 .debug_macro   0x00024430      0x5cf ./Core/Src/freertos.o
 .debug_macro   0x000249ff       0x44 ./Core/Src/freertos.o
 .debug_macro   0x00024a43      0x330 ./Core/Src/freertos.o
 .debug_macro   0x00024d73       0x58 ./Core/Src/freertos.o
 .debug_macro   0x00024dcb      0x3ad ./Core/Src/main.o
 .debug_macro   0x00025178       0xe4 ./Core/Src/main.o
 .debug_macro   0x0002525c       0x91 ./Core/Src/main.o
 .debug_macro   0x000252ed       0x8d ./Core/Src/main.o
 .debug_macro   0x0002537a       0x7e ./Core/Src/main.o
 .debug_macro   0x000253f8       0x19 ./Core/Src/main.o
 .debug_macro   0x00025411       0xf2 ./Core/Src/main.o
 .debug_macro   0x00025503       0x61 ./Core/Src/main.o
 .debug_macro   0x00025564       0x2a ./Core/Src/main.o
 .debug_macro   0x0002558e       0x43 ./Core/Src/main.o
 .debug_macro   0x000255d1       0x34 ./Core/Src/main.o
 .debug_macro   0x00025605       0x16 ./Core/Src/main.o
 .debug_macro   0x0002561b       0x3c ./Core/Src/main.o
 .debug_macro   0x00025657      0x370 ./Core/Src/main.o
 .debug_macro   0x000259c7       0x10 ./Core/Src/main.o
 .debug_macro   0x000259d7       0x16 ./Core/Src/main.o
 .debug_macro   0x000259ed       0x4a ./Core/Src/main.o
 .debug_macro   0x00025a37       0x34 ./Core/Src/main.o
 .debug_macro   0x00025a6b       0x10 ./Core/Src/main.o
 .debug_macro   0x00025a7b       0x58 ./Core/Src/main.o
 .debug_macro   0x00025ad3       0x8e ./Core/Src/main.o
 .debug_macro   0x00025b61       0x1c ./Core/Src/main.o
 .debug_macro   0x00025b7d      0x185 ./Core/Src/main.o
 .debug_macro   0x00025d02       0x16 ./Core/Src/main.o
 .debug_macro   0x00025d18       0x16 ./Core/Src/main.o
 .debug_macro   0x00025d2e      0x146 ./Core/Src/main.o
 .debug_macro   0x00025e74       0x16 ./Core/Src/main.o
 .debug_macro   0x00025e8a       0x20 ./Core/Src/main.o
 .debug_macro   0x00025eaa      0x1d4 ./Core/Src/stm32l4xx_hal_msp.o
 .debug_macro   0x0002607e      0x246 ./Core/Src/stm32l4xx_it.o
 .debug_macro   0x000262c4      0x112 ./Core/Src/sysmem.o
 .debug_macro   0x000263d6      0x23c ./Core/Src/sysmem.o
 .debug_macro   0x00026612      0x1c5 ./Core/Src/system_stm32l4xx.o
 .debug_macro   0x000267d7      0x213 ./Drivers/STM32L4xx_HAL_Driver/Src/stm32l4xx_hal.o
 .debug_macro   0x000269ea      0x1c5 ./Drivers/STM32L4xx_HAL_Driver/Src/stm32l4xx_hal_cortex.o
 .debug_macro   0x00026baf      0x1c5 ./Drivers/STM32L4xx_HAL_Driver/Src/stm32l4xx_hal_dma.o
 .debug_macro   0x00026d74      0x1cc ./Drivers/STM32L4xx_HAL_Driver/Src/stm32l4xx_hal_gpio.o
 .debug_macro   0x00026f40      0x1e9 ./Drivers/STM32L4xx_HAL_Driver/Src/stm32l4xx_hal_pwr_ex.o
 .debug_macro   0x00027129      0x207 ./Drivers/STM32L4xx_HAL_Driver/Src/stm32l4xx_hal_rcc.o
 .debug_macro   0x00027330      0x1fb ./Drivers/STM32L4xx_HAL_Driver/Src/stm32l4xx_hal_rcc_ex.o
 .debug_macro   0x0002752b      0x1c6 ./Drivers/STM32L4xx_HAL_Driver/Src/stm32l4xx_hal_rtc.o
 .debug_macro   0x000276f1      0x1f0 ./Drivers/STM32L4xx_HAL_Driver/Src/stm32l4xx_hal_uart.o
 .debug_macro   0x000278e1      0x1c5 ./Drivers/STM32L4xx_HAL_Driver/Src/stm32l4xx_hal_uart_ex.o
 .debug_macro   0x00027aa6      0x1fe ./Middlewares/Third_Party/FreeRTOS/Source/CMSIS_RTOS/cmsis_os.o
 .debug_macro   0x00027ca4       0x10 ./Middlewares/Third_Party/FreeRTOS/Source/CMSIS_RTOS/cmsis_os.o
 .debug_macro   0x00027cb4       0xe9 ./Middlewares/Third_Party/FreeRTOS/Source/CMSIS_RTOS/cmsis_os.o
 .debug_macro   0x00027d9d      0x187 ./Middlewares/Third_Party/FreeRTOS/Source/list.o
 .debug_macro   0x00027f24      0x216 ./Middlewares/Third_Party/FreeRTOS/Source/queue.o
 .debug_macro   0x0002813a       0x87 ./Middlewares/Third_Party/FreeRTOS/Source/queue.o
 .debug_macro   0x000281c1      0x279 ./Middlewares/Third_Party/FreeRTOS/Source/tasks.o
 .debug_macro   0x0002843a       0x10 ./Middlewares/Third_Party/FreeRTOS/Source/tasks.o
 .debug_macro   0x0002844a      0x196 ./Middlewares/Third_Party/FreeRTOS/Source/portable/GCC/ARM_CM4F/port.o
 .debug_macro   0x000285e0      0x1ae ./Middlewares/Third_Party/FreeRTOS/Source/portable/MemMang/heap_4.o

.debug_line     0x00000000    0x13e77
 .debug_line    0x00000000      0x846 ./Core/Src/freertos.o
 .debug_line    0x00000846      0xe25 ./Core/Src/main.o
 .debug_line    0x0000166b      0x7fe ./Core/Src/stm32l4xx_hal_msp.o
 .debug_line    0x00001e69      0x8f8 ./Core/Src/stm32l4xx_it.o
 .debug_line    0x00002761      0x588 ./Core/Src/sysmem.o
 .debug_line    0x00002ce9      0x7e5 ./Core/Src/system_stm32l4xx.o
 .debug_line    0x000034ce       0x7a ./Core/Startup/startup_stm32l476rgtx.o
 .debug_line    0x00003548      0xb4e ./Drivers/STM32L4xx_HAL_Driver/Src/stm32l4xx_hal.o
 .debug_line    0x00004096      0xce8 ./Drivers/STM32L4xx_HAL_Driver/Src/stm32l4xx_hal_cortex.o
 .debug_line    0x00004d7e      0xd27 ./Drivers/STM32L4xx_HAL_Driver/Src/stm32l4xx_hal_dma.o
 .debug_line    0x00005aa5      0xba1 ./Drivers/STM32L4xx_HAL_Driver/Src/stm32l4xx_hal_gpio.o
 .debug_line    0x00006646      0xd2f ./Drivers/STM32L4xx_HAL_Driver/Src/stm32l4xx_hal_pwr_ex.o
 .debug_line    0x00007375     0x10a2 ./Drivers/STM32L4xx_HAL_Driver/Src/stm32l4xx_hal_rcc.o
 .debug_line    0x00008417     0x156f ./Drivers/STM32L4xx_HAL_Driver/Src/stm32l4xx_hal_rcc_ex.o
 .debug_line    0x00009986     0x11c6 ./Drivers/STM32L4xx_HAL_Driver/Src/stm32l4xx_hal_rtc.o
 .debug_line    0x0000ab4c     0x2d70 ./Drivers/STM32L4xx_HAL_Driver/Src/stm32l4xx_hal_uart.o
 .debug_line    0x0000d8bc      0xbe4 ./Drivers/STM32L4xx_HAL_Driver/Src/stm32l4xx_hal_uart_ex.o
 .debug_line    0x0000e4a0     0x1300 ./Middlewares/Third_Party/FreeRTOS/Source/CMSIS_RTOS/cmsis_os.o
 .debug_line    0x0000f7a0      0x78c ./Middlewares/Third_Party/FreeRTOS/Source/list.o
 .debug_line    0x0000ff2c     0x14d0 ./Middlewares/Third_Party/FreeRTOS/Source/queue.o
 .debug_line    0x000113fc     0x18c7 ./Middlewares/Third_Party/FreeRTOS/Source/tasks.o
 .debug_line    0x00012cc3      0x811 ./Middlewares/Third_Party/FreeRTOS/Source/portable/GCC/ARM_CM4F/port.o
 .debug_line    0x000134d4      0x9a3 ./Middlewares/Third_Party/FreeRTOS/Source/portable/MemMang/heap_4.o

.debug_str      0x00000000    0xf708a
 .debug_str     0x00000000    0xf708a ./Core/Src/freertos.o
                              0xea8e3 (size before relaxing)
 .debug_str     0x000f708a    0xf1150 ./Core/Src/main.o
 .debug_str     0x000f708a    0xe7a88 ./Core/Src/stm32l4xx_hal_msp.o
 .debug_str     0x000f708a    0xeacdb ./Core/Src/stm32l4xx_it.o
 .debug_str     0x000f708a     0x7785 ./Core/Src/sysmem.o
 .debug_str     0x000f708a    0xe6ae0 ./Core/Src/system_stm32l4xx.o
 .debug_str     0x000f708a       0x87 ./Core/Startup/startup_stm32l476rgtx.o
 .debug_str     0x000f708a    0xe76df ./Drivers/STM32L4xx_HAL_Driver/Src/stm32l4xx_hal.o
 .debug_str     0x000f708a    0xe7359 ./Drivers/STM32L4xx_HAL_Driver/Src/stm32l4xx_hal_cortex.o
 .debug_str     0x000f708a    0xe6d4a ./Drivers/STM32L4xx_HAL_Driver/Src/stm32l4xx_hal_dma.o
 .debug_str     0x000f708a    0xe6c59 ./Drivers/STM32L4xx_HAL_Driver/Src/stm32l4xx_hal_gpio.o
 .debug_str     0x000f708a    0xe703b ./Drivers/STM32L4xx_HAL_Driver/Src/stm32l4xx_hal_pwr_ex.o
 .debug_str     0x000f708a    0xe7126 ./Drivers/STM32L4xx_HAL_Driver/Src/stm32l4xx_hal_rcc.o
 .debug_str     0x000f708a    0xe729f ./Drivers/STM32L4xx_HAL_Driver/Src/stm32l4xx_hal_rcc_ex.o
 .debug_str     0x000f708a    0xe6f6b ./Drivers/STM32L4xx_HAL_Driver/Src/stm32l4xx_hal_rtc.o
 .debug_str     0x000f708a    0xe7838 ./Drivers/STM32L4xx_HAL_Driver/Src/stm32l4xx_hal_uart.o
 .debug_str     0x000f708a    0xe7064 ./Drivers/STM32L4xx_HAL_Driver/Src/stm32l4xx_hal_uart_ex.o
 .debug_str     0x000f708a     0xe9cf ./Middlewares/Third_Party/FreeRTOS/Source/CMSIS_RTOS/cmsis_os.o
 .debug_str     0x000f708a     0xac0c ./Middlewares/Third_Party/FreeRTOS/Source/list.o
 .debug_str     0x000f708a     0xc59f ./Middlewares/Third_Party/FreeRTOS/Source/queue.o
 .debug_str     0x000f708a     0xcf77 ./Middlewares/Third_Party/FreeRTOS/Source/tasks.o
 .debug_str     0x000f708a     0x87b2 ./Middlewares/Third_Party/FreeRTOS/Source/portable/GCC/ARM_CM4F/port.o
 .debug_str     0x000f708a     0xb54e ./Middlewares/Third_Party/FreeRTOS/Source/portable/MemMang/heap_4.o

.comment        0x00000000       0x43
 .comment       0x00000000       0x43 ./Core/Src/freertos.o
                                 0x44 (size before relaxing)
 .comment       0x00000043       0x44 ./Core/Src/main.o
 .comment       0x00000043       0x44 ./Core/Src/stm32l4xx_hal_msp.o
 .comment       0x00000043       0x44 ./Core/Src/stm32l4xx_it.o