../Core/Src/main.c:29:6:EXTI15_10_IRQHandler	8	static
../Core/Src/main.c:36:6:uart_msg	16	static
../Core/Src/main.c:42:6:rtos_delay	24	static
../Core/Src/main.c:51:6:task1	24	static
../Core/Src/main.c:83:6:task2	24	static
../Core/Src/main.c:115:5:main	56	static
../Core/Src/main.c:139:6:SystemClock_Config	96	static
../Core/Src/main.c:173:13:MX_USART2_UART_Init	8	static
../Core/Src/main.c:191:13:MX_GPIO_Init	48	static
../Core/Src/main.c:221:6:StartDefaultTask	16	static
../Core/Src/main.c:230:6:Error_Handler	4	static,ignoring_inline_asm
